Archive member included to satisfy reference by file (symbol)

app/libapp.a(test_ring_buf.c.obj)
                              (--whole-archive)
app/libapp.a(ring_buf.c.obj)  (--whole-archive)
zephyr/libzephyr.a(validate_libc.c.obj)
                              (--whole-archive)
zephyr/libzephyr.a(heap.c.obj)
                              (--whole-archive)
zephyr/libzephyr.a(boot_banner.c.obj)
                              (--whole-archive)
zephyr/libzephyr.a(cbprintf_packaged.c.obj)
                              (--whole-archive)
zephyr/libzephyr.a(clock.c.obj)
                              (--whole-archive)
zephyr/libzephyr.a(printk.c.obj)
                              (--whole-archive)
zephyr/libzephyr.a(cbprintf_complete.c.obj)
                              (--whole-archive)
zephyr/libzephyr.a(assert.c.obj)
                              (--whole-archive)
zephyr/libzephyr.a(dec.c.obj)
                              (--whole-archive)
zephyr/libzephyr.a(hex.c.obj)
                              (--whole-archive)
zephyr/libzephyr.a(rb.c.obj)  (--whole-archive)
zephyr/libzephyr.a(set.c.obj)
                              (--whole-archive)
zephyr/libzephyr.a(timeutil.c.obj)
                              (--whole-archive)
zephyr/libzephyr.a(bitarray.c.obj)
                              (--whole-archive)
zephyr/libzephyr.a(bitmask.c.obj)
                              (--whole-archive)
zephyr/libzephyr.a(getopt.c.obj)
                              (--whole-archive)
zephyr/libzephyr.a(getopt_common.c.obj)
                              (--whole-archive)
zephyr/libzephyr.a(ring_buffer.c.obj)
                              (--whole-archive)
zephyr/libzephyr.a(configs.c.obj)
                              (--whole-archive)
zephyr/libzephyr.a(log_minimal.c.obj)
                              (--whole-archive)
zephyr/libzephyr.a(tracing_none.c.obj)
                              (--whole-archive)
zephyr/libzephyr.a(sem.c.obj)
                              (--whole-archive)
zephyr/libzephyr.a(thread_entry.c.obj)
                              (--whole-archive)
zephyr/arch/common/libarch__common.a(init.c.obj)
                              (--whole-archive)
zephyr/arch/arch/x86/core/libarch__x86__core.a(cpuhalt.c.obj)
                              (--whole-archive)
zephyr/arch/arch/x86/core/libarch__x86__core.a(prep_c.c.obj)
                              (--whole-archive)
zephyr/arch/arch/x86/core/libarch__x86__core.a(fatal.c.obj)
                              (--whole-archive)
zephyr/arch/arch/x86/core/libarch__x86__core.a(cpuid.c.obj)
                              (--whole-archive)
zephyr/arch/arch/x86/core/libarch__x86__core.a(spec_ctrl.c.obj)
                              (--whole-archive)
zephyr/arch/arch/x86/core/libarch__x86__core.a(memmap.c.obj)
                              (--whole-archive)
zephyr/arch/arch/x86/core/libarch__x86__core.a(multiboot.c.obj)
                              (--whole-archive)
zephyr/arch/arch/x86/core/libarch__x86__core.a(x86_mmu.c.obj)
                              (--whole-archive)
zephyr/arch/arch/x86/core/libarch__x86__core.a(early_serial.c.obj)
                              (--whole-archive)
zephyr/arch/arch/x86/core/libarch__x86__core.a(tls.c.obj)
                              (--whole-archive)
zephyr/arch/arch/x86/core/libarch__x86__core.a(crt0.S.obj)
                              (--whole-archive)
zephyr/arch/arch/x86/core/libarch__x86__core.a(excstub.S.obj)
                              (--whole-archive)
zephyr/arch/arch/x86/core/libarch__x86__core.a(intstub.S.obj)
                              (--whole-archive)
zephyr/arch/arch/x86/core/libarch__x86__core.a(irq_manage.c.obj)
                              (--whole-archive)
zephyr/arch/arch/x86/core/libarch__x86__core.a(swap.S.obj)
                              (--whole-archive)
zephyr/arch/arch/x86/core/libarch__x86__core.a(thread.c.obj)
                              (--whole-archive)
zephyr/arch/arch/x86/core/libarch__x86__core.a(tls.c.obj)
                              (--whole-archive)
zephyr/arch/arch/x86/core/libarch__x86__core.a(fatal.c.obj)
                              (--whole-archive)
zephyr/arch/arch/x86/core/libarch__x86__core.a(soft_float_stubs.c.obj)
                              (--whole-archive)
zephyr/lib/libc/picolibc/liblib__libc__picolibc.a(assert.c.obj)
                              (--whole-archive)
zephyr/lib/libc/picolibc/liblib__libc__picolibc.a(cbprintf.c.obj)
                              (--whole-archive)
zephyr/lib/libc/picolibc/liblib__libc__picolibc.a(chk_fail.c.obj)
                              (--whole-archive)
zephyr/lib/libc/picolibc/liblib__libc__picolibc.a(errno_wrap.c.obj)
                              (--whole-archive)
zephyr/lib/libc/picolibc/liblib__libc__picolibc.a(exit.c.obj)
                              (--whole-archive)
zephyr/lib/libc/picolibc/liblib__libc__picolibc.a(locks.c.obj)
                              (--whole-archive)
[...]
Memory Configuration

Name             Origin             Length             Attributes
RAM              0x00100000         0x01f00000         xw
IDT_LIST         0xffff1000         0x00000800
*default*        0x00000000         0xffffffff

Linker script and memory map

                0x00107d98                        vfprintf = __l_vfprintf
                0x00000000                        vfscanf = __l_vfscanf
LOAD zephyr/CMakeFiles/zephyr_pre0.dir/misc/empty_file.c.obj
LOAD zephyr/CMakeFiles/offsets.dir/./arch/x86/core/offsets/offsets.c.obj
LOAD app/libapp.a
LOAD zephyr/libzephyr.a
LOAD zephyr/arch/common/libarch__common.a
LOAD zephyr/arch/arch/x86/core/libarch__x86__core.a
LOAD zephyr/lib/libc/picolibc/liblib__libc__picolibc.a
LOAD zephyr/lib/libc/common/liblib__libc__common.a
LOAD zephyr/subsys/portability/posix/c_lib_ext/libsubsys__portability__posix__c_lib_ext.a
LOAD zephyr/subsys/random/libsubsys__random.a
LOAD zephyr/subsys/testsuite/ztest/libsubsys__testsuite__ztest.a
LOAD zephyr/drivers/interrupt_controller/libdrivers__interrupt_controller.a
LOAD zephyr/drivers/console/libdrivers__console.a
LOAD zephyr/drivers/serial/libdrivers__serial.a
LOAD zephyr/drivers/timer/libdrivers__timer.a
LOAD zephyr/kernel/libkernel.a
LOAD C:/zephyrtwister/zephyr-sdk-1.0.1/gnu/x86_64-zephyr-elf/bin/../lib/gcc/x86_64-zephyr-elf/14.3.0/../../../../x86_64-zephyr-elf/lib/32/soft-float/space\libc.a
LOAD C:/zephyrtwister/zephyr-sdk-1.0.1/gnu/x86_64-zephyr-elf/bin/../lib/gcc/x86_64-zephyr-elf/14.3.0/32/soft-float/space\libgcc.a
                0x00100000                        epoint = (__start - 0x0)

.rel.plt        0x00000000        0x0
 *(SORT_BY_ALIGNMENT(.rel.plt))
                [!provide]                        PROVIDE (__rel_iplt_start = .)
 *(SORT_BY_ALIGNMENT(.rel.iplt))
 .rel.iplt      0x00000000        0x0 zephyr/CMakeFiles/zephyr_pre0.dir/misc/empty_file.c.obj
                [!provide]                        PROVIDE (__rel_iplt_end = .)

.rela.plt       0x00000000        0x0
 *(SORT_BY_ALIGNMENT(.rela.plt))
                [!provide]                        PROVIDE (__rela_iplt_start = .)
 *(SORT_BY_ALIGNMENT(.rela.iplt))
                [!provide]                        PROVIDE (__rela_iplt_end = .)

.rel.dyn        0x00000000        0x0
 *(SORT_BY_ALIGNMENT(.rel.*))
 .rel.got       0x00000000        0x0 zephyr/CMakeFiles/zephyr_pre0.dir/misc/empty_file.c.obj
 .rel.text.sys_heap_init
                0x00000000        0x0 zephyr/CMakeFiles/zephyr_pre0.dir/misc/empty_file.c.obj
 .rel.text.clock_offset_reset_rule_after
                0x00000000        0x0 zephyr/CMakeFiles/zephyr_pre0.dir/misc/empty_file.c.obj
 .rel.text.vprintk
                0x00000000        0x0 zephyr/CMakeFiles/zephyr_pre0.dir/misc/empty_file.c.obj
 .rel.text.rb_remove
                0x00000000        0x0 zephyr/CMakeFiles/zephyr_pre0.dir/misc/empty_file.c.obj
 .rel.text.set_clear_region
                0x00000000        0x0 zephyr/CMakeFiles/zephyr_pre0.dir/misc/empty_file.c.obj
 .rel.text.sys_bitarray_alloc
                0x00000000        0x0 zephyr/CMakeFiles/zephyr_pre0.dir/misc/empty_file.c.obj
 .rel.text.sys_bitarray_free
                0x00000000        0x0 zephyr/CMakeFiles/zephyr_pre0.dir/misc/empty_file.c.obj
 .rel.text.z_thread_entry
                0x00000000        0x0 zephyr/CMakeFiles/zephyr_pre0.dir/misc/empty_file.c.obj
 .rel.text.arch_bss_zero
                0x00000000        0x0 zephyr/CMakeFiles/zephyr_pre0.dir/misc/empty_file.c.obj
 .rel.text.z_x86_page_fault_handler
                0x00000000        0x0 zephyr/CMakeFiles/zephyr_pre0.dir/misc/empty_file.c.obj
 .rel.text.z_multiboot_init
                0x00000000        0x0 zephyr/CMakeFiles/zephyr_pre0.dir/misc/empty_file.c.obj
 .rel.text.k_mem_virt_addr.part.0
                0x00000000        0x0 zephyr/CMakeFiles/zephyr_pre0.dir/misc/empty_file.c.obj
 .rel.text.range_map_unlocked
                0x00000000        0x0 zephyr/CMakeFiles/zephyr_pre0.dir/misc/empty_file.c.obj
 .rel.text.arch_mem_map
                0x00000000        0x0 zephyr/CMakeFiles/zephyr_pre0.dir/misc/empty_file.c.obj
 .rel.text.arch_mem_unmap
                0x00000000        0x0 zephyr/CMakeFiles/zephyr_pre0.dir/misc/empty_file.c.obj
 .rel.text.z_x86_set_stack_guard
                0x00000000        0x0 zephyr/CMakeFiles/zephyr_pre0.dir/misc/empty_file.c.obj
 .rel.text.arch_reserved_pages_update
                0x00000000        0x0 zephyr/CMakeFiles/zephyr_pre0.dir/misc/empty_file.c.obj
 .rel.text.arch_page_phys_get
                0x00000000        0x0 zephyr/CMakeFiles/zephyr_pre0.dir/misc/empty_file.c.obj
 .rel.text.arch_tls_stack_setup
                0x00000000        0x0 zephyr/CMakeFiles/zephyr_pre0.dir/misc/empty_file.c.obj
 .rel.text.__start
                0x00000000        0x0 zephyr/CMakeFiles/zephyr_pre0.dir/misc/empty_file.c.obj
 .rel.text.z_x86_tls_update_gdt
                0x00000000        0x0 zephyr/CMakeFiles/zephyr_pre0.dir/misc/empty_file.c.obj
 .rel.text.z_x86_early_tls_update_gdt
                0x00000000        0x0 zephyr/CMakeFiles/zephyr_pre0.dir/misc/empty_file.c.obj
 .rel.text.df_handler_top
                0x00000000        0x0 zephyr/CMakeFiles/zephyr_pre0.dir/misc/empty_file.c.obj
 .rel.tss       0x00000000        0x0 zephyr/CMakeFiles/zephyr_pre0.dir/misc/empty_file.c.obj
 .rel.text.z_impl_sys_rand_get
                0x00000000        0x0 zephyr/CMakeFiles/zephyr_pre0.dir/misc/empty_file.c.obj
 .rel.text.run_test_rules
                0x00000000        0x0 zephyr/CMakeFiles/zephyr_pre0.dir/misc/empty_file.c.obj
 .rel.text.ztest_find_test_suite
                0x00000000        0x0 zephyr/CMakeFiles/zephyr_pre0.dir/misc/empty_file.c.obj
 .rel.text.z_ztest_run_test_suite_ptr.isra.0
                0x00000000        0x0 zephyr/CMakeFiles/zephyr_pre0.dir/misc/empty_file.c.obj
 .rel.text.test_finalize
                0x00000000        0x0 zephyr/CMakeFiles/zephyr_pre0.dir/misc/empty_file.c.obj
 .rel.text.z_ztest_get_next_test
                0x00000000        0x0 zephyr/CMakeFiles/zephyr_pre0.dir/misc/empty_file.c.obj
 .rel.text.z_impl_ztest_run_test_suites
                0x00000000        0x0 zephyr/CMakeFiles/zephyr_pre0.dir/misc/empty_file.c.obj
 .rel.text.ztest_verify_all_test_suites_ran
                0x00000000        0x0 zephyr/CMakeFiles/zephyr_pre0.dir/misc/empty_file.c.obj
 .rel.text.main
                0x00000000        0x0 zephyr/CMakeFiles/zephyr_pre0.dir/misc/empty_file.c.obj
 .rel.text.z_irq_controller_irq_config
                0x00000000        0x0 zephyr/CMakeFiles/zephyr_pre0.dir/misc/empty_file.c.obj
 .rel.text.z_impl_uart_poll_out.constprop.0
                0x00000000        0x0 zephyr/CMakeFiles/zephyr_pre0.dir/misc/empty_file.c.obj
 .rel.text.uart_ns16550_poll_out
                0x00000000        0x0 zephyr/CMakeFiles/zephyr_pre0.dir/misc/empty_file.c.obj
 .rel.text.uart_ns16550_poll_in
                0x00000000        0x0 zephyr/CMakeFiles/zephyr_pre0.dir/misc/empty_file.c.obj
 .rel.text.uart_ns16550_configure
                0x00000000        0x0 zephyr/CMakeFiles/zephyr_pre0.dir/misc/empty_file.c.obj
 .rel.text.uart_ns16550_err_check
                0x00000000        0x0 zephyr/CMakeFiles/zephyr_pre0.dir/misc/empty_file.c.obj
 .rel.text.sys_clock_driver_init
                0x00000000        0x0 zephyr/CMakeFiles/zephyr_pre0.dir/misc/empty_file.c.obj
 .rel.text.sys_clock_set_timeout
                0x00000000        0x0 zephyr/CMakeFiles/zephyr_pre0.dir/misc/empty_file.c.obj
 .rel.text.sys_clock_elapsed
                0x00000000        0x0 zephyr/CMakeFiles/zephyr_pre0.dir/misc/empty_file.c.obj
 .rel.text.do_device_init
                0x00000000        0x0 zephyr/CMakeFiles/zephyr_pre0.dir/misc/empty_file.c.obj
 .rel.text.z_fatal_error
                0x00000000        0x0 zephyr/CMakeFiles/zephyr_pre0.dir/misc/empty_file.c.obj
 .rel.text.bg_thread_main
                0x00000000        0x0 zephyr/CMakeFiles/zephyr_pre0.dir/misc/empty_file.c.obj
 .rel.text.z_cstart
                0x00000000        0x0 zephyr/CMakeFiles/zephyr_pre0.dir/misc/empty_file.c.obj
 .rel.rodata.levels.0
                0x00000000        0x0 zephyr/CMakeFiles/zephyr_pre0.dir/misc/empty_file.c.obj
 .rel.text.idle
                0x00000000        0x0 zephyr/CMakeFiles/zephyr_pre0.dir/misc/empty_file.c.obj
 .rel.text.k_thread_abort_cleanup
                0x00000000        0x0 zephyr/CMakeFiles/zephyr_pre0.dir/misc/empty_file.c.obj
 .rel.text.k_thread_abort_cleanup_check_reuse
                0x00000000        0x0 zephyr/CMakeFiles/zephyr_pre0.dir/misc/empty_file.c.obj
 .rel.text.z_setup_new_thread
                0x00000000        0x0 zephyr/CMakeFiles/zephyr_pre0.dir/misc/empty_file.c.obj
 .rel.text.z_impl_k_wakeup
                0x00000000        0x0 zephyr/CMakeFiles/zephyr_pre0.dir/misc/empty_file.c.obj
 .rel.text.z_impl_k_thread_create
                0x00000000        0x0 zephyr/CMakeFiles/zephyr_pre0.dir/misc/empty_file.c.obj
 .rel.text.z_thread_abort
                0x00000000        0x0 zephyr/CMakeFiles/zephyr_pre0.dir/misc/empty_file.c.obj
 .rel.text.z_impl_k_thread_abort
                0x00000000        0x0 zephyr/CMakeFiles/zephyr_pre0.dir/misc/empty_file.c.obj
 .rel.text.z_impl_k_thread_join
                0x00000000        0x0 zephyr/CMakeFiles/zephyr_pre0.dir/misc/empty_file.c.obj
 .rel.text.unready_thread
                0x00000000        0x0 zephyr/CMakeFiles/zephyr_pre0.dir/misc/empty_file.c.obj
 .rel.text.ready_thread.part.0
                0x00000000        0x0 zephyr/CMakeFiles/zephyr_pre0.dir/misc/empty_file.c.obj
 .rel.text.ready_thread
                0x00000000        0x0 zephyr/CMakeFiles/zephyr_pre0.dir/misc/empty_file.c.obj
 .rel.text.unpend_thread_no_timeout
                0x00000000        0x0 zephyr/CMakeFiles/zephyr_pre0.dir/misc/empty_file.c.obj
 .rel.text.z_swap_irqlock
                0x00000000        0x0 zephyr/CMakeFiles/zephyr_pre0.dir/misc/empty_file.c.obj
 .rel.text.reschedule
                0x00000000        0x0 zephyr/CMakeFiles/zephyr_pre0.dir/misc/empty_file.c.obj
 .rel.text.z_ready_thread
                0x00000000        0x0 zephyr/CMakeFiles/zephyr_pre0.dir/misc/empty_file.c.obj
 .rel.text.z_thread_halt
                0x00000000        0x0 zephyr/CMakeFiles/zephyr_pre0.dir/misc/empty_file.c.obj
 .rel.text.z_sched_lock_reschedule
                0x00000000        0x0 zephyr/CMakeFiles/zephyr_pre0.dir/misc/empty_file.c.obj
 .rel.text.z_thread_timeout
                0x00000000        0x0 zephyr/CMakeFiles/zephyr_pre0.dir/misc/empty_file.c.obj
 .rel.text.k_sched_lock
                0x00000000        0x0 zephyr/CMakeFiles/zephyr_pre0.dir/misc/empty_file.c.obj
 .rel.text.k_sched_unlock
                0x00000000        0x0 zephyr/CMakeFiles/zephyr_pre0.dir/misc/empty_file.c.obj
 .rel.text.slice_timeout
                0x00000000        0x0 zephyr/CMakeFiles/zephyr_pre0.dir/misc/empty_file.c.obj
 .rel.text.z_time_slice
                0x00000000        0x0 zephyr/CMakeFiles/zephyr_pre0.dir/misc/empty_file.c.obj
 .rel.text.z_add_timeout
                0x00000000        0x0 zephyr/CMakeFiles/zephyr_pre0.dir/misc/empty_file.c.obj
 .rel.text.z_abort_timeout
                0x00000000        0x0 zephyr/CMakeFiles/zephyr_pre0.dir/misc/empty_file.c.obj
 .rel.text.sys_clock_announce_locked
                0x00000000        0x0 zephyr/CMakeFiles/zephyr_pre0.dir/misc/empty_file.c.obj
 .rel.text.sys_clock_lock
                0x00000000        0x0 zephyr/CMakeFiles/zephyr_pre0.dir/misc/empty_file.c.obj
 .rel.text.frame_mapped_set
                0x00000000        0x0 zephyr/CMakeFiles/zephyr_pre0.dir/misc/empty_file.c.obj
 .rel.text.k_mem_assert_phys_aligned
                0x00000000        0x0 zephyr/CMakeFiles/zephyr_pre0.dir/misc/empty_file.c.obj
 .rel.text.k_mem_assert_virtual_region
                0x00000000        0x0 zephyr/CMakeFiles/zephyr_pre0.dir/misc/empty_file.c.obj
 .rel.text.k_mem_phys_to_page_frame
                0x00000000        0x0 zephyr/CMakeFiles/zephyr_pre0.dir/misc/empty_file.c.obj
 .rel.text.virt_region_free
                0x00000000        0x0 zephyr/CMakeFiles/zephyr_pre0.dir/misc/empty_file.c.obj
 .rel.text.free_page_frame_list_put
                0x00000000        0x0 zephyr/CMakeFiles/zephyr_pre0.dir/misc/empty_file.c.obj
 .rel.text.virt_region_alloc
                0x00000000        0x0 zephyr/CMakeFiles/zephyr_pre0.dir/misc/empty_file.c.obj
 .rel.text.k_mem_map_phys_guard
                0x00000000        0x0 zephyr/CMakeFiles/zephyr_pre0.dir/misc/empty_file.c.obj
 .rel.text.k_mem_unmap_phys_guard
                0x00000000        0x0 zephyr/CMakeFiles/zephyr_pre0.dir/misc/empty_file.c.obj
 .rel.text.k_mem_map_phys_bare
                0x00000000        0x0 zephyr/CMakeFiles/zephyr_pre0.dir/misc/empty_file.c.obj
 .rel.text.z_mem_manage_init
                0x00000000        0x0 zephyr/CMakeFiles/zephyr_pre0.dir/misc/empty_file.c.obj
 .rel.text.snprintf
                0x00000000        0x0 zephyr/CMakeFiles/zephyr_pre0.dir/misc/empty_file.c.obj

.rela.dyn
 *(SORT_BY_ALIGNMENT(.rela.*))

/DISCARD/
 *(SORT_BY_ALIGNMENT(.plt))

/DISCARD/
 *(SORT_BY_ALIGNMENT(.iplt))
                0x00000000                        . = ALIGN (0x8)

text            0x00100000     0x9000
                0x00100000                        __text_region_start = .
                0x00100000                        z_mapped_start = .
                0x00100000                        __rom_start_address = .
 FILL mask 0x00
                0x00100000                        . = (. + (0x0 - (. - __rom_start_address)))
                0x00100000                        . = ALIGN (0x4)
 *(SORT_BY_ALIGNMENT(.text.__start))
 .text.__start  0x00100000       0xcf zephyr/arch/arch/x86/core/libarch__x86__core.a(crt0.S.obj)
                0x00100000                __start
                0x001000c9                z_x86_idt
 *(SORT_BY_ALIGNMENT(.text.irqstubs))
 .text.irqstubs
                0x001000cf       0x10 zephyr/drivers/timer/libdrivers__timer.a(hpet.c.obj)
                0x001000cf                hpet_isr_irq2_stub
 *(SORT_BY_ALIGNMENT(.gnu.linkonce.t.exc_*_stub))
 .gnu.linkonce.t.exc_0_stub
                0x001000df       0x10 zephyr/arch/arch/x86/core/libarch__x86__core.a(fatal.c.obj)
                0x001000df                _handle_exc_0_vector_0_stub
 .gnu.linkonce.t.exc_2_stub
                0x001000ef       0x10 zephyr/arch/arch/x86/core/libarch__x86__core.a(fatal.c.obj)
                0x001000ef                _handle_exc_2_vector_2_stub
 .gnu.linkonce.t.exc_4_stub
                0x001000ff       0x10 zephyr/arch/arch/x86/core/libarch__x86__core.a(fatal.c.obj)
                0x001000ff                _handle_exc_4_vector_4_stub
 .gnu.linkonce.t.exc_5_stub
                0x0010010f       0x10 zephyr/arch/arch/x86/core/libarch__x86__core.a(fatal.c.obj)
                0x0010010f                _handle_exc_5_vector_5_stub
 .gnu.linkonce.t.exc_6_stub
                0x0010011f       0x10 zephyr/arch/arch/x86/core/libarch__x86__core.a(fatal.c.obj)
                0x0010011f                _handle_exc_6_vector_6_stub
 .gnu.linkonce.t.exc_7_stub
                0x0010012f       0x10 zephyr/arch/arch/x86/core/libarch__x86__core.a(fatal.c.obj)
                0x0010012f                _handle_exc_7_vector_7_stub
 .gnu.linkonce.t.exc_10_stub
                0x0010013f        0xe zephyr/arch/arch/x86/core/libarch__x86__core.a(fatal.c.obj)
                0x0010013f                _handle_exc_10_vector_10_stub
 .gnu.linkonce.t.exc_11_stub
                0x0010014d        0xe zephyr/arch/arch/x86/core/libarch__x86__core.a(fatal.c.obj)
                0x0010014d                _handle_exc_11_vector_11_stub
 .gnu.linkonce.t.exc_12_stub
                0x0010015b        0xe zephyr/arch/arch/x86/core/libarch__x86__core.a(fatal.c.obj)
                0x0010015b                _handle_exc_12_vector_12_stub
 .gnu.linkonce.t.exc_13_stub
                0x00100169        0xe zephyr/arch/arch/x86/core/libarch__x86__core.a(fatal.c.obj)
                0x00100169                _handle_exc_13_vector_13_stub
 .gnu.linkonce.t.exc_16_stub
                0x00100177       0x10 zephyr/arch/arch/x86/core/libarch__x86__core.a(fatal.c.obj)
                0x00100177                _handle_exc_16_vector_16_stub
 .gnu.linkonce.t.exc_17_stub
                0x00100187        0xe zephyr/arch/arch/x86/core/libarch__x86__core.a(fatal.c.obj)
                0x00100187                _handle_exc_17_vector_17_stub
 .gnu.linkonce.t.exc_18_stub
                0x00100195       0x10 zephyr/arch/arch/x86/core/libarch__x86__core.a(fatal.c.obj)
                0x00100195                _handle_exc_18_vector_18_stub
 .gnu.linkonce.t.exc_21_stub
                0x001001a5        0xe zephyr/arch/arch/x86/core/libarch__x86__core.a(fatal.c.obj)
                0x001001a5                _handle_exc_21_vector_21_stub
 .gnu.linkonce.t.exc_14_stub
                0x001001b3        0xe zephyr/arch/arch/x86/core/libarch__x86__core.a(fatal.c.obj)
                0x001001b3                _z_x86_page_fault_handler_vector_14_stub
 *(SORT_BY_ALIGNMENT(.text))
 .text          0x001001c1       0xf2 C:/zephyrtwister/zephyr-sdk-1.0.1/gnu/x86_64-zephyr-elf/bin/../lib/gcc/x86_64-zephyr-elf/14.3.0/32/soft-float/space\libgcc.a(_udivdi3.o)
                0x001001c1                __udivdi3
 *(SORT_BY_ALIGNMENT(.text.*))
 *fill*         0x001002b3        0xd 00
 .text.strcmp   0x001002c0       0x65 C:/zephyrtwister/zephyr-sdk-1.0.1/gnu/x86_64-zephyr-elf/bin/../lib/gcc/x86_64-zephyr-elf/14.3.0/../../../../x86_64-zephyr-elf/lib/32/soft-float/space\libc.a(strcmp.c.o)
                0x001002c0                strcmp
 .text._OffsetAbsSyms
                0x00100325        0x1 zephyr/CMakeFiles/offsets.dir/./arch/x86/core/offsets/offsets.c.obj
                0x00100325                _OffsetAbsSyms
 .text.before   0x00100326       0x10 app/libapp.a(test_ring_buf.c.obj)
 .text.z_zassert.constprop.0
                0x00100336       0x57 app/libapp.a(test_ring_buf.c.obj)
 .text._ring_buf_boundaries_test_peek_does_not_consume_wrapper
                0x0010038d      0x128 app/libapp.a(test_ring_buf.c.obj)
 .text._ring_buf_boundaries_test_is_full_after_fill_wrapper
                0x001004b5      0x12b app/libapp.a(test_ring_buf.c.obj)
 .text._ring_buf_push_pop_test_push_full_returns_enospc_wrapper
                0x001005e0      0x14a app/libapp.a(test_ring_buf.c.obj)
 .text._ring_buf_boundaries_test_pop_null_returns_einval_wrapper
                0x0010072a       0x39 app/libapp.a(test_ring_buf.c.obj)
 .text._ring_buf_push_pop_test_fifo_order_wrapper
                0x00100763      0x159 app/libapp.a(test_ring_buf.c.obj)
 .text._ring_buf_push_pop_test_single_push_pop_wrapper
                0x001008bc       0xb7 app/libapp.a(test_ring_buf.c.obj)
 .text._ring_buf_init_test_reinit_clears_state_wrapper
                0x00100973       0x6c app/libapp.a(test_ring_buf.c.obj)
 .text._ring_buf_init_test_fresh_state_wrapper
                0x001009df       0x58 app/libapp.a(test_ring_buf.c.obj)
 .text.rb_init  0x00100a37       0x41 app/libapp.a(ring_buf.c.obj)
                0x00100a37                rb_init
 .text.rb_push  0x00100a78       0x53 app/libapp.a(ring_buf.c.obj)
                0x00100a78                rb_push
 .text.rb_pop   0x00100acb       0x6a app/libapp.a(ring_buf.c.obj)
                0x00100acb                rb_pop
 .text.rb_peek  0x00100b35       0x50 app/libapp.a(ring_buf.c.obj)
                0x00100b35                rb_peek
 .text.rb_is_full
                0x00100b85        0xf app/libapp.a(ring_buf.c.obj)
                0x00100b85                rb_is_full
 .text.rb_is_empty
                0x00100b94        0xb app/libapp.a(ring_buf.c.obj)
                0x00100b94                rb_is_empty
 .text.rb_count
                0x00100b9f        0x6 app/libapp.a(ring_buf.c.obj)
                0x00100b9f                rb_count
 .text.chunk_field
                0x00100ba5       0x15 zephyr/libzephyr.a(heap.c.obj)
 .text.chunk_set
                0x00100bba       0x1f zephyr/libzephyr.a(heap.c.obj)
 .text.chunk_size
                0x00100bd9       0x11 zephyr/libzephyr.a(heap.c.obj)
 .text.set_chunk_used
                0x00100bea       0x3d zephyr/libzephyr.a(heap.c.obj)
 .text.set_chunk_size
                0x00100c27       0x13 zephyr/libzephyr.a(heap.c.obj)
 .text.undersized_chunk
                0x00100c3a       0x1c zephyr/libzephyr.a(heap.c.obj)
 .text.bucket_idx
                0x00100c56       0x1e zephyr/libzephyr.a(heap.c.obj)
 .text.free_list_add
                0x00100c74       0xd6 zephyr/libzephyr.a(heap.c.obj)
 .text.sys_heap_init
                0x00100d4a      0x18f zephyr/libzephyr.a(heap.c.obj)
                0x00100d4a                sys_heap_init
 .text.boot_banner
                0x00100ed9       0x12 zephyr/libzephyr.a(boot_banner.c.obj)
 .text.clock_offset_reset_rule_after
                0x00100eeb       0xc0 zephyr/libzephyr.a(clock.c.obj)
 .text.char_out
                0x00100fab        0x6 zephyr/libzephyr.a(printk.c.obj)
 .text.__printk_hook_install
                0x00100fb1        0xd zephyr/libzephyr.a(printk.c.obj)
                0x00100fb1                __printk_hook_install
 .text.vprintk  0x00100fbe       0x35 zephyr/libzephyr.a(printk.c.obj)
                0x00100fbe                vprintk
 .text.printk   0x00100ff3       0x13 zephyr/libzephyr.a(printk.c.obj)
                0x00100ff3                printk
 .text.assert_post_action
                0x00101006        0x4 zephyr/libzephyr.a(assert.c.obj)
                0x00101006                assert_post_action
 .text.assert_print
                0x0010100a       0x13 zephyr/libzephyr.a(assert.c.obj)
                0x0010100a                assert_print
 .text.find_and_stack
                0x0010101d       0x51 zephyr/libzephyr.a(rb.c.obj)
 .text.stack_left_limb
                0x0010106e       0x49 zephyr/libzephyr.a(rb.c.obj)
 .text.set_child
                0x001010b7       0x12 zephyr/libzephyr.a(rb.c.obj)
 .text.rotate   0x001010c9       0xa7 zephyr/libzephyr.a(rb.c.obj)
 .text.z_rb_get_minmax
                0x00101170       0x27 zephyr/libzephyr.a(rb.c.obj)
                0x00101170                z_rb_get_minmax
 .text.rb_insert
                0x00101197      0x133 zephyr/libzephyr.a(rb.c.obj)
                0x00101197                rb_insert
 .text.rb_remove
                0x001012ca      0x3b1 zephyr/libzephyr.a(rb.c.obj)
                0x001012ca                rb_remove
 .text.z_rb_foreach_next
                0x0010167b       0x77 zephyr/libzephyr.a(rb.c.obj)
                0x0010167b                z_rb_foreach_next
 .text.setup_bundle_data.isra.0
                0x001016f2       0x5d zephyr/libzephyr.a(bitarray.c.obj)
 .text.match_region
                0x0010174f       0x76 zephyr/libzephyr.a(bitarray.c.obj)
 .text.set_region
                0x001017c5       0xb6 zephyr/libzephyr.a(bitarray.c.obj)
 .text.set_clear_region
                0x0010187b      0x157 zephyr/libzephyr.a(bitarray.c.obj)
 .text.sys_bitarray_alloc
                0x001019d2      0x1f5 zephyr/libzephyr.a(bitarray.c.obj)
                0x001019d2                sys_bitarray_alloc
 .text.sys_bitarray_free
                0x00101bc7      0x19e zephyr/libzephyr.a(bitarray.c.obj)
                0x00101bc7                sys_bitarray_free
 .text.sys_bitarray_set_region
                0x00101d65       0x19 zephyr/libzephyr.a(bitarray.c.obj)
                0x00101d65                sys_bitarray_set_region
 .text.bitmask_find_gap
                0x00101d7e       0xb0 zephyr/libzephyr.a(bitmask.c.obj)
                0x00101d7e                bitmask_find_gap
 .text._ConfigAbsSyms
                0x00101e2e        0x1 zephyr/libzephyr.a(configs.c.obj)
                0x00101e2e                _ConfigAbsSyms
 .text.z_log_minimal_printk
                0x00101e2f       0x13 zephyr/libzephyr.a(log_minimal.c.obj)
                0x00101e2f                z_log_minimal_printk
 .text.z_thread_entry
                0x00101e42       0x74 zephyr/libzephyr.a(thread_entry.c.obj)
                0x00101e42                z_thread_entry
 .text.arch_early_memset
                0x00101eb6       0x12 zephyr/arch/common/libarch__common.a(init.c.obj)
                0x00101eb6                arch_early_memset
 .text.arch_bss_zero
                0x00101ec8       0x1f zephyr/arch/common/libarch__common.a(init.c.obj)
                0x00101ec8                arch_bss_zero
 .text.arch_cpu_idle
                0x00101ee7        0x3 zephyr/arch/arch/x86/core/libarch__x86__core.a(cpuhalt.c.obj)
                0x00101ee7                arch_cpu_idle
 .text.z_prep_c
                0x00101eea       0x48 zephyr/arch/arch/x86/core/libarch__x86__core.a(prep_c.c.obj)
                0x00101eea                z_prep_c
 .text.print_trace_address
                0x00101f32       0x24 zephyr/arch/arch/x86/core/libarch__x86__core.a(fatal.c.obj)
 .text.arch_system_halt
                0x00101f56        0x8 zephyr/arch/arch/x86/core/libarch__x86__core.a(fatal.c.obj)
                0x00101f56                arch_system_halt
 .text.z_x86_check_stack_bounds
                0x00101f5e       0x46 zephyr/arch/arch/x86/core/libarch__x86__core.a(fatal.c.obj)
                0x00101f5e                z_x86_check_stack_bounds
 .text.walk_stackframe.constprop.0
                0x00101fa4       0x92 zephyr/arch/arch/x86/core/libarch__x86__core.a(fatal.c.obj)
 .text.z_x86_check_guard_page
                0x00102036       0x3e zephyr/arch/arch/x86/core/libarch__x86__core.a(fatal.c.obj)
                0x00102036                z_x86_check_guard_page
 .text.z_x86_fatal_error
                0x00102074       0x9f zephyr/arch/arch/x86/core/libarch__x86__core.a(fatal.c.obj)
                0x00102074                z_x86_fatal_error
 .text.z_x86_unhandled_cpu_exception
                0x00102113      0x114 zephyr/arch/arch/x86/core/libarch__x86__core.a(fatal.c.obj)
                0x00102113                z_x86_unhandled_cpu_exception
 .text.z_x86_page_fault_handler
                0x00102227      0x11a zephyr/arch/arch/x86/core/libarch__x86__core.a(fatal.c.obj)
                0x00102227                z_x86_page_fault_handler
 .text.z_x86_do_kernel_oops
                0x00102341       0x10 zephyr/arch/arch/x86/core/libarch__x86__core.a(fatal.c.obj)
                0x00102341                z_x86_do_kernel_oops
 .text.z_multiboot_init
                0x00102351      0x182 zephyr/arch/arch/x86/core/libarch__x86__core.a(multiboot.c.obj)
                0x00102351                z_multiboot_init
 .text.str_append
                0x001024d3       0x34 zephyr/arch/arch/x86/core/libarch__x86__core.a(x86_mmu.c.obj)
 .text.k_mem_virt_addr.part.0
                0x00102507       0x40 zephyr/arch/arch/x86/core/libarch__x86__core.a(x86_mmu.c.obj)
 .text.mark_addr_page_reserved
                0x00102547       0x38 zephyr/arch/arch/x86/core/libarch__x86__core.a(x86_mmu.c.obj)
 .text.range_map_unlocked
                0x0010257f      0x262 zephyr/arch/arch/x86/core/libarch__x86__core.a(x86_mmu.c.obj)
 .text.pentry_get
                0x001027e1       0x86 zephyr/arch/arch/x86/core/libarch__x86__core.a(x86_mmu.c.obj)
 .text.z_x86_dump_mmu_flags
                0x00102867      0x1b1 zephyr/arch/arch/x86/core/libarch__x86__core.a(x86_mmu.c.obj)
                0x00102867                z_x86_dump_mmu_flags
 .text.arch_mem_map
                0x00102a18       0xc3 zephyr/arch/arch/x86/core/libarch__x86__core.a(x86_mmu.c.obj)
                0x00102a18                arch_mem_map
 .text.arch_mem_unmap
                0x00102adb       0x50 zephyr/arch/arch/x86/core/libarch__x86__core.a(x86_mmu.c.obj)
                0x00102adb                arch_mem_unmap
 .text.z_x86_mmu_init
                0x00102b2b        0x1 zephyr/arch/arch/x86/core/libarch__x86__core.a(x86_mmu.c.obj)
                0x00102b2b                z_x86_mmu_init
 .text.z_x86_set_stack_guard
                0x00102b2c       0x5b zephyr/arch/arch/x86/core/libarch__x86__core.a(x86_mmu.c.obj)
                0x00102b2c                z_x86_set_stack_guard
 .text.arch_reserved_pages_update
                0x00102b87       0x33 zephyr/arch/arch/x86/core/libarch__x86__core.a(x86_mmu.c.obj)
                0x00102b87                arch_reserved_pages_update
 .text.arch_page_phys_get
                0x00102bba       0xa9 zephyr/arch/arch/x86/core/libarch__x86__core.a(x86_mmu.c.obj)
                0x00102bba                arch_page_phys_get
 .text.arch_printk_char_out
                0x00102c63       0x44 zephyr/arch/arch/x86/core/libarch__x86__core.a(early_serial.c.obj)
                0x00102c63                arch_printk_char_out
 .text.z_x86_early_serial_init
                0x00102ca7       0x5b zephyr/arch/arch/x86/core/libarch__x86__core.a(early_serial.c.obj)
                0x00102ca7                z_x86_early_serial_init
 .text.arch_tls_stack_setup
                0x00102d02       0x3e zephyr/arch/arch/x86/core/libarch__x86__core.a(tls.c.obj)
                0x00102d02                arch_tls_stack_setup
 .text._exception_enter
                0x00102d40       0x2c zephyr/arch/arch/x86/core/libarch__x86__core.a(excstub.S.obj)
                0x00102d40                _exception_enter
 .text._kernel_oops_handler
                0x00102d6c       0x10 zephyr/arch/arch/x86/core/libarch__x86__core.a(excstub.S.obj)
                0x00102d6c                _kernel_oops_handler
 .text._interrupt_enter
                0x00102d7c       0x5e zephyr/arch/arch/x86/core/libarch__x86__core.a(intstub.S.obj)
                0x00102d7c                _interrupt_enter
 .text.z_SpuriousIntNoErrCodeHandler
                0x00102dda        0x6 zephyr/arch/arch/x86/core/libarch__x86__core.a(intstub.S.obj)
                0x00102dda                z_SpuriousIntNoErrCodeHandler
 .text.z_SpuriousIntHandler
                0x00102de0       0x18 zephyr/arch/arch/x86/core/libarch__x86__core.a(intstub.S.obj)
                0x00102de0                z_SpuriousIntHandler
 .text.arch_swap
                0x00102df8       0x38 zephyr/arch/arch/x86/core/libarch__x86__core.a(swap.S.obj)
                0x00102df8                arch_swap
 .text.z_x86_thread_entry_wrapper
                0x00102e30        0x9 zephyr/arch/arch/x86/core/libarch__x86__core.a(swap.S.obj)
                0x00102e30                z_x86_thread_entry_wrapper
 .text.arch_coprocessors_disable
                0x00102e39        0x6 zephyr/arch/arch/x86/core/libarch__x86__core.a(thread.c.obj)
                0x00102e39                arch_coprocessors_disable
 .text.arch_new_thread
                0x00102e3f       0x45 zephyr/arch/arch/x86/core/libarch__x86__core.a(thread.c.obj)
                0x00102e3f                arch_new_thread
 .text.z_x86_tls_update_gdt
                0x00102e84       0x2b zephyr/arch/arch/x86/core/libarch__x86__core.a(tls.c.obj)
                0x00102e84                z_x86_tls_update_gdt
 .text.z_x86_early_tls_update_gdt
                0x00102eaf       0x2f zephyr/arch/arch/x86/core/libarch__x86__core.a(tls.c.obj)
                0x00102eaf                z_x86_early_tls_update_gdt
 .text.df_handler_bottom
                0x00102ede       0x57 zephyr/arch/arch/x86/core/libarch__x86__core.a(fatal.c.obj)
 .text.df_handler_top
                0x00102f35      0x109 zephyr/arch/arch/x86/core/libarch__x86__core.a(fatal.c.obj)
 .text.z_x86_spurious_irq
                0x0010303e       0x26 zephyr/arch/arch/x86/core/libarch__x86__core.a(fatal.c.obj)
                0x0010303e                z_x86_spurious_irq
 .text.handle_exc_0
                0x00103064        0xd zephyr/arch/arch/x86/core/libarch__x86__core.a(fatal.c.obj)
 .text.handle_exc_2
                0x00103071        0xd zephyr/arch/arch/x86/core/libarch__x86__core.a(fatal.c.obj)
 .text.handle_exc_4
                0x0010307e        0xd zephyr/arch/arch/x86/core/libarch__x86__core.a(fatal.c.obj)
 .text.handle_exc_5
                0x0010308b        0xd zephyr/arch/arch/x86/core/libarch__x86__core.a(fatal.c.obj)
 .text.handle_exc_6
                0x00103098        0xd zephyr/arch/arch/x86/core/libarch__x86__core.a(fatal.c.obj)
 .text.handle_exc_7
                0x001030a5        0xd zephyr/arch/arch/x86/core/libarch__x86__core.a(fatal.c.obj)
 .text.handle_exc_10
                0x001030b2        0xd zephyr/arch/arch/x86/core/libarch__x86__core.a(fatal.c.obj)
 .text.handle_exc_11
                0x001030bf        0xd zephyr/arch/arch/x86/core/libarch__x86__core.a(fatal.c.obj)
 .text.handle_exc_12
                0x001030cc        0xd zephyr/arch/arch/x86/core/libarch__x86__core.a(fatal.c.obj)
 .text.handle_exc_13
                0x001030d9        0xd zephyr/arch/arch/x86/core/libarch__x86__core.a(fatal.c.obj)
 .text.handle_exc_16
                0x001030e6        0xd zephyr/arch/arch/x86/core/libarch__x86__core.a(fatal.c.obj)
 .text.handle_exc_17
                0x001030f3        0xd zephyr/arch/arch/x86/core/libarch__x86__core.a(fatal.c.obj)
 .text.handle_exc_18
                0x00103100        0xd zephyr/arch/arch/x86/core/libarch__x86__core.a(fatal.c.obj)
 .text.handle_exc_21
                0x0010310d        0xd zephyr/arch/arch/x86/core/libarch__x86__core.a(fatal.c.obj)
 .text.z_impl_zephyr_fputc
                0x0010311a       0x11 zephyr/lib/libc/picolibc/liblib__libc__picolibc.a(stdio.c.obj)
                0x0010311a                z_impl_zephyr_fputc
 .text.picolibc_put
                0x0010312b       0x18 zephyr/lib/libc/picolibc/liblib__libc__picolibc.a(stdio.c.obj)
 .text.__stdout_hook_install
                0x00103143       0x14 zephyr/lib/libc/picolibc/liblib__libc__picolibc.a(stdio.c.obj)
                0x00103143                __stdout_hook_install
 .text.malloc_prepare
                0x00103157       0x1e zephyr/lib/libc/common/liblib__libc__common.a(malloc.c.obj)
 .text.z_impl_sys_rand_get
                0x00103175      0x134 zephyr/subsys/random/libsubsys__random.a(random_timer.c.obj)
                0x00103175                z_impl_sys_rand_get
 .text.run_test_rules
                0x001032a9       0x3f zephyr/subsys/testsuite/ztest/libsubsys__testsuite__ztest.a(ztest.c.obj)
 .text.ztest_find_test_suite
                0x001032e8       0x32 zephyr/subsys/testsuite/ztest/libsubsys__testsuite__ztest.a(ztest.c.obj)
 .text.z_ztest_shuffle
                0x0010331a       0x54 zephyr/subsys/testsuite/ztest/libsubsys__testsuite__ztest.a(ztest.c.obj)
 .text.test_cb  0x0010336e       0x4d zephyr/subsys/testsuite/ztest/libsubsys__testsuite__ztest.a(ztest.c.obj)
 .text.z_ztest_run_test_suite_ptr.isra.0
                0x001033bb      0x3aa zephyr/subsys/testsuite/ztest/libsubsys__testsuite__ztest.a(ztest.c.obj)
 .text.test_finalize
                0x00103765       0x6e zephyr/subsys/testsuite/ztest/libsubsys__testsuite__ztest.a(ztest.c.obj)
 .text.ztest_test_fail
                0x001037d3       0x58 zephyr/subsys/testsuite/ztest/libsubsys__testsuite__ztest.a(ztest.c.obj)
                0x001037d3                ztest_test_fail
 .text.z_ztest_get_next_test
                0x0010382b       0x39 zephyr/subsys/testsuite/ztest/libsubsys__testsuite__ztest.a(ztest.c.obj)
                0x0010382b                z_ztest_get_next_test
 .text.z_impl_ztest_run_test_suites
                0x00103864       0xd9 zephyr/subsys/testsuite/ztest/libsubsys__testsuite__ztest.a(ztest.c.obj)
                0x00103864                z_impl_ztest_run_test_suites
 .text.ztest_verify_all_test_suites_ran
                0x0010393d       0xbd zephyr/subsys/testsuite/ztest/libsubsys__testsuite__ztest.a(ztest.c.obj)
                0x0010393d                ztest_verify_all_test_suites_ran
 .text.ztest_run_all
                0x001039fa       0x11 zephyr/subsys/testsuite/ztest/libsubsys__testsuite__ztest.a(ztest.c.obj)
                0x001039fa                ztest_run_all
 .text.test_main
                0x00103a0b       0x19 zephyr/subsys/testsuite/ztest/libsubsys__testsuite__ztest.a(ztest.c.obj)
                0x00103a0b                test_main
 .text.main     0x00103a24      0x21b zephyr/subsys/testsuite/ztest/libsubsys__testsuite__ztest.a(ztest.c.obj)
                0x00103a24                main
 .text.z_ztest_should_suite_run
                0x00103c3f       0x14 zephyr/subsys/testsuite/ztest/libsubsys__testsuite__ztest.a(ztest_defaults.c.obj)
                0x00103c3f                z_ztest_should_suite_run
 .text.z_ztest_should_test_run
                0x00103c53        0x3 zephyr/subsys/testsuite/ztest/libsubsys__testsuite__ztest.a(ztest_defaults.c.obj)
                0x00103c53                z_ztest_should_test_run
 .text.z_ztest_run_all
                0x00103c56       0x26 zephyr/subsys/testsuite/ztest/libsubsys__testsuite__ztest.a(ztest_defaults.c.obj)
                0x00103c56                z_ztest_run_all
 .text.ztest_relative_filename
                0x00103c7c        0x8 zephyr/subsys/testsuite/ztest/libsubsys__testsuite__ztest.a(ztest_defaults.c.obj)
                0x00103c7c                ztest_relative_filename
 .text.__IoApicGet
                0x00103c84       0x1e zephyr/drivers/interrupt_controller/libdrivers__interrupt_controller.a(intc_ioapic.c.obj)
 .text.__IoApicSet
                0x00103ca2       0x24 zephyr/drivers/interrupt_controller/libdrivers__interrupt_controller.a(intc_ioapic.c.obj)
 .text.IoApicRedUpdateLo
                0x00103cc6       0x28 zephyr/drivers/interrupt_controller/libdrivers__interrupt_controller.a(intc_ioapic.c.obj)
 .text.ioapic_init
                0x00103cee       0x6a zephyr/drivers/interrupt_controller/libdrivers__interrupt_controller.a(intc_ioapic.c.obj)
                0x00103cee                ioapic_init
 .text.z_ioapic_num_rtes
                0x00103d58        0x6 zephyr/drivers/interrupt_controller/libdrivers__interrupt_controller.a(intc_ioapic.c.obj)
                0x00103d58                z_ioapic_num_rtes
 .text.z_ioapic_irq_enable
                0x00103d5e       0x13 zephyr/drivers/interrupt_controller/libdrivers__interrupt_controller.a(intc_ioapic.c.obj)
                0x00103d5e                z_ioapic_irq_enable
 .text.z_ioapic_irq_set
                0x00103d71       0x37 zephyr/drivers/interrupt_controller/libdrivers__interrupt_controller.a(intc_ioapic.c.obj)
                0x00103d71                z_ioapic_irq_set
 .text.loapic_init
                0x00103da8        0x3 zephyr/drivers/interrupt_controller/libdrivers__interrupt_controller.a(intc_loapic.c.obj)
 .text.z_loapic_enable
                0x00103dab      0x126 zephyr/drivers/interrupt_controller/libdrivers__interrupt_controller.a(intc_loapic.c.obj)
                0x00103dab                z_loapic_enable
 .text.z_loapic_irq_base
                0x00103ed1        0x5 zephyr/drivers/interrupt_controller/libdrivers__interrupt_controller.a(intc_loapic.c.obj)
                0x00103ed1                z_loapic_irq_base
 .text.z_loapic_int_vec_set
                0x00103ed6       0x2f zephyr/drivers/interrupt_controller/libdrivers__interrupt_controller.a(intc_loapic.c.obj)
                0x00103ed6                z_loapic_int_vec_set
 .text.z_loapic_irq_enable
                0x00103f05       0x30 zephyr/drivers/interrupt_controller/libdrivers__interrupt_controller.a(intc_loapic.c.obj)
                0x00103f05                z_loapic_irq_enable
 .text.z_irq_controller_isr_vector_get
                0x00103f35       0x2d zephyr/drivers/interrupt_controller/libdrivers__interrupt_controller.a(intc_loapic.c.obj)
                0x00103f35                z_irq_controller_isr_vector_get
 .text.z_irq_controller_irq_config
                0x00103f62       0x88 zephyr/drivers/interrupt_controller/libdrivers__interrupt_controller.a(intc_system_apic.c.obj)
                0x00103f62                z_irq_controller_irq_config
 .text.arch_irq_enable
                0x00103fea       0x2b zephyr/drivers/interrupt_controller/libdrivers__interrupt_controller.a(intc_system_apic.c.obj)
                0x00103fea                arch_irq_enable
 .text.z_impl_uart_poll_out.constprop.0
                0x00104015       0x67 zephyr/drivers/console/libdrivers__console.a(uart_console.c.obj)
 .text.uart_console_init
                0x0010407c       0x34 zephyr/drivers/console/libdrivers__console.a(uart_console.c.obj)
 .text.console_out
                0x001040b0       0x21 zephyr/drivers/console/libdrivers__console.a(uart_console.c.obj)
 .text.get_port
                0x001040d1       0x12 zephyr/drivers/serial/libdrivers__serial.a(uart_ns16550.c.obj)
 .text.uart_ns16550_config_get
                0x001040e3       0x2d zephyr/drivers/serial/libdrivers__serial.a(uart_ns16550.c.obj)
 .text.ns16550_outbyte.isra.0
                0x00104110       0x14 zephyr/drivers/serial/libdrivers__serial.a(uart_ns16550.c.obj)
 .text.uart_ns16550_poll_out
                0x00104124       0xee zephyr/drivers/serial/libdrivers__serial.a(uart_ns16550.c.obj)
 .text.ns16550_read_char
                0x00104212       0x4a zephyr/drivers/serial/libdrivers__serial.a(uart_ns16550.c.obj)
 .text.uart_ns16550_poll_in
                0x0010425c       0xb6 zephyr/drivers/serial/libdrivers__serial.a(uart_ns16550.c.obj)
 .text.uart_ns16550_configure
                0x00104312      0x43d zephyr/drivers/serial/libdrivers__serial.a(uart_ns16550.c.obj)
 .text.uart_ns16550_init
                0x0010474f       0x70 zephyr/drivers/serial/libdrivers__serial.a(uart_ns16550.c.obj)
 .text.uart_ns16550_err_check
                0x001047bf       0xd6 zephyr/drivers/serial/libdrivers__serial.a(uart_ns16550.c.obj)
 .text.hpet_counter_get
                0x00104895       0x3c zephyr/drivers/timer/libdrivers__timer.a(hpet.c.obj)
 .text.hpet_isr
                0x001048d1       0x85 zephyr/drivers/timer/libdrivers__timer.a(hpet.c.obj)
 .text.hpet_timer_comparator_set_safe
                0x00104956       0x6d zephyr/drivers/timer/libdrivers__timer.a(hpet.c.obj)
 .text.sys_clock_driver_init
                0x001049c3       0xfd zephyr/drivers/timer/libdrivers__timer.a(hpet.c.obj)
 .text.sys_clock_set_timeout
                0x00104ac0       0xcf zephyr/drivers/timer/libdrivers__timer.a(hpet.c.obj)
                0x00104ac0                sys_clock_set_timeout
 .text.sys_clock_elapsed
                0x00104b8f       0x7f zephyr/drivers/timer/libdrivers__timer.a(hpet.c.obj)
                0x00104b8f                sys_clock_elapsed
 .text.sys_clock_cycle_get_32
                0x00104c0e        0xa zephyr/drivers/timer/libdrivers__timer.a(hpet.c.obj)
                0x00104c0e                sys_clock_cycle_get_32
 .text.do_device_init
                0x00104c18       0x7a zephyr/kernel/libkernel.a(device.c.obj)
                0x00104c18                do_device_init
 .text.z_impl_device_is_ready
                0x00104c92       0x1d zephyr/kernel/libkernel.a(device.c.obj)
                0x00104c92                z_impl_device_is_ready
 .text.k_sys_fatal_error_handler
                0x00104caf       0x19 zephyr/kernel/libkernel.a(fatal.c.obj)
                0x00104caf                k_sys_fatal_error_handler
 .text.z_fatal_error
                0x00104cc8       0x8c zephyr/kernel/libkernel.a(fatal.c.obj)
                0x00104cc8                z_fatal_error
 .text.z_sys_init_run_level
                0x00104d54       0x3b zephyr/kernel/libkernel.a(init.c.obj)
 .text.bg_thread_main
                0x00104d8f      0x149 zephyr/kernel/libkernel.a(init.c.obj)
 .text.z_init_cpu
                0x00104ed8       0x69 zephyr/kernel/libkernel.a(init.c.obj)
                0x00104ed8                z_init_cpu
 .text.z_cstart
                0x00104f41      0x11e zephyr/kernel/libkernel.a(init.c.obj)
                0x00104f41                z_cstart
 .text.idle     0x0010505f       0x3f zephyr/kernel/libkernel.a(idle.c.obj)
                0x0010505f                idle
 .text.k_is_in_isr
                0x0010509e        0xb zephyr/kernel/libkernel.a(thread.c.obj)
                0x0010509e                k_is_in_isr
 .text.z_impl_k_thread_name_set
                0x001050a9       0x2d zephyr/kernel/libkernel.a(thread.c.obj)
                0x001050a9                z_impl_k_thread_name_set
 .text.k_thread_name_get
                0x001050d6        0xb zephyr/kernel/libkernel.a(thread.c.obj)
                0x001050d6                k_thread_name_get
 .text.defer_thread_cleanup
                0x001050e1       0x27 zephyr/kernel/libkernel.a(thread.c.obj)
                0x001050e1                defer_thread_cleanup
 .text.do_thread_cleanup
                0x00105108       0x27 zephyr/kernel/libkernel.a(thread.c.obj)
                0x00105108                do_thread_cleanup
 .text.k_thread_abort_cleanup
                0x0010512f       0xe2 zephyr/kernel/libkernel.a(thread.c.obj)
                0x0010512f                k_thread_abort_cleanup
 .text.k_thread_abort_cleanup_check_reuse
                0x00105211       0xc6 zephyr/kernel/libkernel.a(thread.c.obj)
                0x00105211                k_thread_abort_cleanup_check_reuse
 .text.z_setup_new_thread
                0x001052d7      0x196 zephyr/kernel/libkernel.a(thread.c.obj)
                0x001052d7                z_setup_new_thread
 .text.z_dummy_thread_init
                0x0010546d       0x22 zephyr/kernel/libkernel.a(thread.c.obj)
                0x0010546d                z_dummy_thread_init
 .text.z_impl_k_wakeup
                0x0010548f       0xe0 zephyr/kernel/libkernel.a(thread.c.obj)
                0x0010548f                z_impl_k_wakeup
 .text.z_impl_k_thread_create
                0x0010556f       0xb2 zephyr/kernel/libkernel.a(thread.c.obj)
                0x0010556f                z_impl_k_thread_create
 .text.z_thread_abort
                0x00105621      0x107 zephyr/kernel/libkernel.a(thread.c.obj)
                0x00105621                z_thread_abort
 .text.z_impl_k_thread_abort
                0x00105728       0x46 zephyr/kernel/libkernel.a(thread.c.obj)
                0x00105728                z_impl_k_thread_abort
 .text.z_impl_k_thread_join
                0x0010576e      0x20a zephyr/kernel/libkernel.a(thread.c.obj)
                0x0010576e                z_impl_k_thread_join
 .text.rb_get_min
                0x00105978        0xf zephyr/kernel/libkernel.a(sched.c.obj)
 .text.unready_thread
                0x00105987      0x10c zephyr/kernel/libkernel.a(sched.c.obj)
 .text.add_to_waitq_locked
                0x00105a93       0x81 zephyr/kernel/libkernel.a(sched.c.obj)
 .text.ready_thread.part.0
                0x00105b14       0xf8 zephyr/kernel/libkernel.a(sched.c.obj)
 .text.ready_thread
                0x00105c0c       0x49 zephyr/kernel/libkernel.a(sched.c.obj)
 .text.unpend_thread_no_timeout
                0x00105c55       0x5e zephyr/kernel/libkernel.a(sched.c.obj)
 .text.z_swap_irqlock
                0x00105cb3       0x57 zephyr/kernel/libkernel.a(sched.c.obj)
 .text.reschedule
                0x00105d0a       0xc5 zephyr/kernel/libkernel.a(sched.c.obj)
 .text.move_current_to_end_of_prio_q
                0x00105dcf       0xd3 zephyr/kernel/libkernel.a(sched.c.obj)
                0x00105dcf                move_current_to_end_of_prio_q
 .text.z_ready_thread
                0x00105ea2       0xb6 zephyr/kernel/libkernel.a(sched.c.obj)
                0x00105ea2                z_ready_thread
 .text.z_sched_ready_locked
                0x00105f58        0xc zephyr/kernel/libkernel.a(sched.c.obj)
                0x00105f58                z_sched_ready_locked
 .text.z_thread_halt
                0x00105f64      0x289 zephyr/kernel/libkernel.a(sched.c.obj)
                0x00105f64                z_thread_halt
 .text.z_sched_lock_reschedule
                0x001061ed       0x91 zephyr/kernel/libkernel.a(sched.c.obj)
                0x001061ed                z_sched_lock_reschedule
 .text.z_sched_add_to_waitq_locked
                0x0010627e        0xf zephyr/kernel/libkernel.a(sched.c.obj)
                0x0010627e                z_sched_add_to_waitq_locked
 .text.z_sched_wake_thread_locked
                0x0010628d       0x2a zephyr/kernel/libkernel.a(sched.c.obj)
                0x0010628d                z_sched_wake_thread_locked
 .text.z_thread_timeout
                0x001062b7       0xd5 zephyr/kernel/libkernel.a(sched.c.obj)
                0x001062b7                z_thread_timeout
 .text.z_reschedule
                0x0010638c        0xf zephyr/kernel/libkernel.a(sched.c.obj)
                0x0010638c                z_reschedule
 .text.z_sched_init
                0x0010639b       0x1f zephyr/kernel/libkernel.a(scheduler.c.obj)
                0x0010639b                z_sched_init
 .text.k_sched_lock
                0x001063ba      0x12b zephyr/kernel/libkernel.a(scheduler.c.obj)
                0x001063ba                k_sched_lock
 .text.k_sched_unlock
                0x001064e5       0xe2 zephyr/kernel/libkernel.a(scheduler.c.obj)
                0x001064e5                k_sched_unlock
 .text.z_impl_k_sched_current_thread_query
                0x001065c7        0x6 zephyr/kernel/libkernel.a(scheduler.c.obj)
                0x001065c7                z_impl_k_sched_current_thread_query
 .text.z_priq_rb_lessthan
                0x001065cd       0x2a zephyr/kernel/libkernel.a(priority_queues.c.obj)
                0x001065cd                z_priq_rb_lessthan
 .text.z_time_slice_size
                0x001065f7       0x2f zephyr/kernel/libkernel.a(timeslicing.c.obj)
 .text.slice_timeout
                0x00106626       0x6b zephyr/kernel/libkernel.a(timeslicing.c.obj)
 .text.z_time_slice_reset
                0x00106691       0x56 zephyr/kernel/libkernel.a(timeslicing.c.obj)
                0x00106691                z_time_slice_reset
 .text.z_time_slice
                0x001066e7       0xef zephyr/kernel/libkernel.a(timeslicing.c.obj)
                0x001066e7                z_time_slice
 .text.z_spin_lock_valid
                0x001067d6       0x21 zephyr/kernel/libkernel.a(spinlock_validate.c.obj)
                0x001067d6                z_spin_lock_valid
 .text.z_spin_unlock_valid
                0x001067f7       0x34 zephyr/kernel/libkernel.a(spinlock_validate.c.obj)
                0x001067f7                z_spin_unlock_valid
 .text.z_spin_lock_set_owner
                0x0010682b       0x17 zephyr/kernel/libkernel.a(spinlock_validate.c.obj)
                0x0010682b                z_spin_lock_set_owner
 .text.first    0x00106842        0xf zephyr/kernel/libkernel.a(timeout.c.obj)
 .text.next_timeout
                0x00106851       0x49 zephyr/kernel/libkernel.a(timeout.c.obj)
 .text.elapsed  0x0010689a       0x11 zephyr/kernel/libkernel.a(timeout.c.obj)
 .text.z_add_timeout
                0x001068ab      0x262 zephyr/kernel/libkernel.a(timeout.c.obj)
                0x001068ab                z_add_timeout
 .text.z_abort_timeout
                0x00106b0d      0x135 zephyr/kernel/libkernel.a(timeout.c.obj)
                0x00106b0d                z_abort_timeout
 .text.sys_clock_announce_locked
                0x00106c42      0x1be zephyr/kernel/libkernel.a(timeout.c.obj)
                0x00106c42                sys_clock_announce_locked
 .text.sys_clock_lock
                0x00106e00       0x6b zephyr/kernel/libkernel.a(timeout.c.obj)
                0x00106e00                sys_clock_lock
 .text.sys_clock_is_locked
                0x00106e6b        0xc zephyr/kernel/libkernel.a(timeout.c.obj)
                0x00106e6b                sys_clock_is_locked
 .text.frame_mapped_set
                0x00106e77       0xed zephyr/kernel/libkernel.a(mmu.c.obj)
 .text.k_mem_assert_phys_aligned
                0x00106f64       0x48 zephyr/kernel/libkernel.a(mmu.c.obj)
 .text.k_mem_assert_virtual_region
                0x00106fac      0x10a zephyr/kernel/libkernel.a(mmu.c.obj)
 .text.k_mem_phys_to_page_frame
                0x001070b6       0x5c zephyr/kernel/libkernel.a(mmu.c.obj)
 .text.virt_region_free
                0x00107112       0xb1 zephyr/kernel/libkernel.a(mmu.c.obj)
 .text.free_page_frame_list_put
                0x001071c3       0x84 zephyr/kernel/libkernel.a(mmu.c.obj)
 .text.virt_region_alloc
                0x00107247       0xf0 zephyr/kernel/libkernel.a(mmu.c.obj)
 .text.k_mem_map_phys_guard
                0x00107337      0x2e9 zephyr/kernel/libkernel.a(mmu.c.obj)
                0x00107337                k_mem_map_phys_guard
 .text.k_mem_unmap_phys_guard
                0x00107620      0x27c zephyr/kernel/libkernel.a(mmu.c.obj)
                0x00107620                k_mem_unmap_phys_guard
 .text.virt_region_align
                0x0010789c        0x6 zephyr/kernel/libkernel.a(mmu.c.obj)
                0x0010789c                arch_virt_region_align
 .text.k_mem_region_align
                0x001078a2       0x32 zephyr/kernel/libkernel.a(mmu.c.obj)
                0x001078a2                k_mem_region_align
 .text.k_mem_map_phys_bare
                0x001078d4      0x21a zephyr/kernel/libkernel.a(mmu.c.obj)
                0x001078d4                k_mem_map_phys_bare
 .text.z_mem_manage_init
                0x00107aee      0x112 zephyr/kernel/libkernel.a(mmu.c.obj)
                0x00107aee                z_mem_manage_init
 .text.z_mem_manage_boot_finish
                0x00107c00        0x1 zephyr/kernel/libkernel.a(mmu.c.obj)
                0x00107c00                z_mem_manage_boot_finish
 .text.strncpy  0x00107c01       0x31 C:/zephyrtwister/zephyr-sdk-1.0.1/gnu/x86_64-zephyr-elf/bin/../lib/gcc/x86_64-zephyr-elf/14.3.0/../../../../x86_64-zephyr-elf/lib/32/soft-float/space\libc.a(libc_string_strncpy.c.o)
                0x00107c01                strncpy
 .text.strnlen  0x00107c32       0x1d C:/zephyrtwister/zephyr-sdk-1.0.1/gnu/x86_64-zephyr-elf/bin/../lib/gcc/x86_64-zephyr-elf/14.3.0/../../../../x86_64-zephyr-elf/lib/32/soft-float/space\libc.a(libc_string_strnlen.c.o)
                0x00107c32                strnlen
 .text.snprintf
                0x00107c4f       0x5e C:/zephyrtwister/zephyr-sdk-1.0.1/gnu/x86_64-zephyr-elf/bin/../lib/gcc/x86_64-zephyr-elf/14.3.0/../../../../x86_64-zephyr-elf/lib/32/soft-float/space\libc.a(libc_tinystdio_snprintf.c.o)
                0x00107c4f                snprintf
 .text.__ultoa_invert
                0x00107cad       0xeb C:/zephyrtwister/zephyr-sdk-1.0.1/gnu/x86_64-zephyr-elf/bin/../lib/gcc/x86_64-zephyr-elf/14.3.0/../../../../x86_64-zephyr-elf/lib/32/soft-float/space\libc.a(libc_tinystdio_vflprintf.c.o)
 .text.__l_vfprintf
                0x00107d98      0x57a C:/zephyrtwister/zephyr-sdk-1.0.1/gnu/x86_64-zephyr-elf/bin/../lib/gcc/x86_64-zephyr-elf/14.3.0/../../../../x86_64-zephyr-elf/lib/32/soft-float/space\libc.a(libc_tinystdio_vflprintf.c.o)
                0x00107d98                __l_vfprintf
 .text.__file_str_put
                0x00108312       0x20 C:/zephyrtwister/zephyr-sdk-1.0.1/gnu/x86_64-zephyr-elf/bin/../lib/gcc/x86_64-zephyr-elf/14.3.0/../../../../x86_64-zephyr-elf/lib/32/soft-float/space\libc.a(libc_tinystdio_filestrput.c.o)
                0x00108312                __file_str_put
 *(SORT_BY_ALIGNMENT(.gnu.linkonce.t.*))
 *(.init)
 *(.fini)
 *(SORT_BY_ALIGNMENT(.eini))
                0x00109000                        . = ALIGN (0x1000)
 *fill*         0x00108332      0xcce 00
                0x00109000                        __text_region_end = .
                0x00009000                        __text_region_size = (__text_region_end - __text_region_start)
                0x00109000                        __rodata_region_start = .

initlevel       0x00109000       0x40
                0x00109000                        __init_start = .
                0x00109000                        __init_EARLY_start = .
 *(SORT_BY_NAME(SORT_BY_ALIGNMENT(.z_init_EARLY_P_?_*)))
 *(SORT_BY_NAME(SORT_BY_ALIGNMENT(.z_init_EARLY_P_??_*)))
 *(SORT_BY_NAME(SORT_BY_ALIGNMENT(.z_init_EARLY_P_???_*)))
                0x00109000                        __init_PRE_KERNEL_1_start = .
 *(SORT_BY_NAME(SORT_BY_ALIGNMENT(.z_init_PRE_KERNEL_1_P_?_*)))
 *(SORT_BY_NAME(SORT_BY_ALIGNMENT(.z_init_PRE_KERNEL_1_P_??_*)))
 .z_init_PRE_KERNEL_1_P_40_SUB_00011_
                0x00109000        0x8 zephyr/drivers/interrupt_controller/libdrivers__interrupt_controller.a(intc_loapic.c.obj)
 .z_init_PRE_KERNEL_1_P_40_SUB_00019_
                0x00109008        0x8 zephyr/drivers/interrupt_controller/libdrivers__interrupt_controller.a(intc_ioapic.c.obj)
 .z_init_PRE_KERNEL_1_P_50_SUB_00029_
                0x00109010        0x8 zephyr/drivers/serial/libdrivers__serial.a(uart_ns16550.c.obj)
 .z_init_PRE_KERNEL_1_P_50_SUB_00032_
                0x00109018        0x8 zephyr/drivers/serial/libdrivers__serial.a(uart_ns16550.c.obj)
 .z_init_PRE_KERNEL_1_P_60_SUB_0_
                0x00109020        0x8 zephyr/drivers/console/libdrivers__console.a(uart_console.c.obj)
 *(SORT_BY_NAME(SORT_BY_ALIGNMENT(.z_init_PRE_KERNEL_1_P_???_*)))
                0x00109028                        __init_PRE_KERNEL_2_start = .
 *(SORT_BY_NAME(SORT_BY_ALIGNMENT(.z_init_PRE_KERNEL_2_P_?_*)))
 .z_init_PRE_KERNEL_2_P_0_SUB_0_
                0x00109028        0x8 zephyr/drivers/timer/libdrivers__timer.a(hpet.c.obj)
 *(SORT_BY_NAME(SORT_BY_ALIGNMENT(.z_init_PRE_KERNEL_2_P_??_*)))
 *(SORT_BY_NAME(SORT_BY_ALIGNMENT(.z_init_PRE_KERNEL_2_P_???_*)))
                0x00109030                        __init_POST_KERNEL_start = .
 *(SORT_BY_NAME(SORT_BY_ALIGNMENT(.z_init_POST_KERNEL_P_?_*)))
 *(SORT_BY_NAME(SORT_BY_ALIGNMENT(.z_init_POST_KERNEL_P_??_*)))
 .z_init_POST_KERNEL_P_35_SUB_0_
                0x00109030        0x8 zephyr/lib/libc/common/liblib__libc__common.a(malloc.c.obj)
 *(SORT_BY_NAME(SORT_BY_ALIGNMENT(.z_init_POST_KERNEL_P_???_*)))
                0x00109038                        __init_APPLICATION_start = .
 *(SORT_BY_NAME(SORT_BY_ALIGNMENT(.z_init_APPLICATION_P_?_*)))
 .z_init_APPLICATION_P_0_SUB_0_
                0x00109038        0x8 zephyr/libzephyr.a(boot_banner.c.obj)
 *(SORT_BY_NAME(SORT_BY_ALIGNMENT(.z_init_APPLICATION_P_??_*)))
 *(SORT_BY_NAME(SORT_BY_ALIGNMENT(.z_init_APPLICATION_P_???_*)))
                0x00109040                        __init_SMP_start = .
 *(SORT_BY_NAME(SORT_BY_ALIGNMENT(.z_init_SMP_P_?_*)))
 *(SORT_BY_NAME(SORT_BY_ALIGNMENT(.z_init_SMP_P_??_*)))
 *(SORT_BY_NAME(SORT_BY_ALIGNMENT(.z_init_SMP_P_???_*)))
                0x00109040                        __init_end = .

device_area     0x00109040       0x70
                0x00109040                        _device_list_start = .
 *(SORT_BY_NAME(SORT_BY_ALIGNMENT(._device.static.*_?_*)))
 *(SORT_BY_NAME(SORT_BY_ALIGNMENT(._device.static.*_??_*)))
 ._device.static.1_40_
                0x00109040       0x1c zephyr/drivers/interrupt_controller/libdrivers__interrupt_controller.a(intc_ioapic.c.obj)
                0x00109040                __device_dts_ord_19
 ._device.static.1_40_
                0x0010905c       0x1c zephyr/drivers/interrupt_controller/libdrivers__interrupt_controller.a(intc_loapic.c.obj)
                0x0010905c                __device_dts_ord_11
 ._device.static.1_50_
                0x00109078       0x38 zephyr/drivers/serial/libdrivers__serial.a(uart_ns16550.c.obj)
                0x00109078                __device_dts_ord_32
                0x00109094                __device_dts_ord_29
 *(SORT_BY_NAME(SORT_BY_ALIGNMENT(._device.static.*_???_*)))
 *(SORT_BY_NAME(SORT_BY_ALIGNMENT(._device.static.*_????_*)))
 *(SORT_BY_NAME(SORT_BY_ALIGNMENT(._device.static.*_?????_*)))
                0x001090b0                        _device_list_end = .

initlevel_error
 *(SORT_BY_NAME(SORT_BY_ALIGNMENT(.z_init_*)))
                0x00000001                        ASSERT ((SIZEOF (initlevel_error) == 0x0), Undefined initialization levels used.)

app_shmem_regions
                0x001090b0        0x0
                0x001090b0                        __app_shmem_regions_start = .
 *(SORT_BY_NAME(SORT_BY_ALIGNMENT(.app_regions.*)))
                0x001090b0                        __app_shmem_regions_end = .

k_p4wq_initparam_area
                0x001090b0        0x0
                0x001090b0                        _k_p4wq_initparam_list_start = .
 *(SORT_BY_NAME(SORT_BY_ALIGNMENT(._k_p4wq_initparam.static.*)))
                0x001090b0                        _k_p4wq_initparam_list_end = .

_static_thread_data_area
                0x001090b0        0x0
                0x001090b0                        __static_thread_data_list_start = .
 *(SORT_BY_NAME(SORT_BY_ALIGNMENT(.__static_thread_data.static.*)))
                0x001090b0                        __static_thread_data_list_end = .

device_deps     0x001090b0        0x0
                0x001090b0                        __device_deps_start = .
 *(SORT_BY_NAME(SORT_BY_ALIGNMENT(.__device_deps_pass2*)))
                0x001090b0                        __device_deps_end = .

device_api_area
                0x001090b0       0x14
                0x001090b0                        _shared_irq_driver_api_list_start = .
 *(SORT_BY_NAME(SORT_BY_ALIGNMENT(._shared_irq_driver_api.static.*)))
                0x001090b0                        _shared_irq_driver_api_list_end = .
                0x001090b0                        _shared_irq_driver_api_ext_end = .
                0x001090b0                        _dmic_driver_api_list_start = .
 *(SORT_BY_NAME(SORT_BY_ALIGNMENT(._dmic_driver_api.static.*)))
                0x001090b0                        _dmic_driver_api_list_end = .
                0x001090b0                        _dmic_driver_api_ext_end = .
                0x001090b0                        _crypto_driver_api_list_start = .
 *(SORT_BY_NAME(SORT_BY_ALIGNMENT(._crypto_driver_api.static.*)))
                0x001090b0                        _crypto_driver_api_list_end = .
                0x001090b0                        _crypto_driver_api_ext_end = .
                0x001090b0                        _adc_driver_api_list_start = .
 *(SORT_BY_NAME(SORT_BY_ALIGNMENT(._adc_driver_api.static.*)))
                0x001090b0                        _adc_driver_api_list_end = .
                0x001090b0                        _adc_driver_api_ext_end = .
                0x001090b0                        _auxdisplay_driver_api_list_start = .
 *(SORT_BY_NAME(SORT_BY_ALIGNMENT(._auxdisplay_driver_api.static.*)))
                0x001090b0                        _auxdisplay_driver_api_list_end = .
                0x001090b0                        _auxdisplay_driver_api_ext_end = .
                0x001090b0                        _bbram_driver_api_list_start = .
 *(SORT_BY_NAME(SORT_BY_ALIGNMENT(._bbram_driver_api.static.*)))
                0x001090b0                        _bbram_driver_api_list_end = .
                0x001090b0                        _bbram_driver_api_ext_end = .
                0x001090b0                        _biometric_driver_api_list_start = .
 *(SORT_BY_NAME(SORT_BY_ALIGNMENT(._biometric_driver_api.static.*)))
                0x001090b0                        _biometric_driver_api_list_end = .
                0x001090b0                        _biometric_driver_api_ext_end = .
                0x001090b0                        _bt_hci_driver_api_list_start = .
 *(SORT_BY_NAME(SORT_BY_ALIGNMENT(._bt_hci_driver_api.static.*)))
                0x001090b0                        _bt_hci_driver_api_list_end = .
                0x001090b0                        _bt_hci_driver_api_ext_end = .
                0x001090b0                        _buzzer_driver_api_list_start = .
 *(SORT_BY_NAME(SORT_BY_ALIGNMENT(._buzzer_driver_api.static.*)))
                0x001090b0                        _buzzer_driver_api_list_end = .
                0x001090b0                        _buzzer_driver_api_ext_end = .
                0x001090b0                        _can_driver_api_list_start = .
 *(SORT_BY_NAME(SORT_BY_ALIGNMENT(._can_driver_api.static.*)))
                0x001090b0                        _can_driver_api_list_end = .
                0x001090b0                        _can_driver_api_ext_end = .
                0x001090b0                        _cellular_driver_api_list_start = .
 *(SORT_BY_NAME(SORT_BY_ALIGNMENT(._cellular_driver_api.static.*)))
                0x001090b0                        _cellular_driver_api_list_end = .
                0x001090b0                        _cellular_driver_api_ext_end = .
                0x001090b0                        _charger_driver_api_list_start = .
 *(SORT_BY_NAME(SORT_BY_ALIGNMENT(._charger_driver_api.static.*)))
                0x001090b0                        _charger_driver_api_list_end = .
                0x001090b0                        _charger_driver_api_ext_end = .
                0x001090b0                        _clock_control_driver_api_list_start = .
 *(SORT_BY_NAME(SORT_BY_ALIGNMENT(._clock_control_driver_api.static.*)))
                0x001090b0                        _clock_control_driver_api_list_end = .
                0x001090b0                        _nrf_clock_control_driver_api_list_start = .
 *(SORT_BY_NAME(SORT_BY_ALIGNMENT(._nrf_clock_control_driver_api.static.*)))
                0x001090b0                        _nrf_clock_control_driver_api_list_end = .
                0x001090b0                        _nrf_clock_control_driver_api_ext_end = .
                0x001090b0                        _clock_control_driver_api_ext_end = .
                0x001090b0                        _comparator_driver_api_list_start = .
 *(SORT_BY_NAME(SORT_BY_ALIGNMENT(._comparator_driver_api.static.*)))
                0x001090b0                        _comparator_driver_api_list_end = .
                0x001090b0                        _comparator_driver_api_ext_end = .
                0x001090b0                        _coredump_driver_api_list_start = .
 *(SORT_BY_NAME(SORT_BY_ALIGNMENT(._coredump_driver_api.static.*)))
                0x001090b0                        _coredump_driver_api_list_end = .
                0x001090b0                        _coredump_driver_api_ext_end = .
                0x001090b0                        _counter_driver_api_list_start = .
 *(SORT_BY_NAME(SORT_BY_ALIGNMENT(._counter_driver_api.static.*)))
                0x001090b0                        _counter_driver_api_list_end = .
                0x001090b0                        _counter_driver_api_ext_end = .
                0x001090b0                        _crc_driver_api_list_start = .
 *(SORT_BY_NAME(SORT_BY_ALIGNMENT(._crc_driver_api.static.*)))
                0x001090b0                        _crc_driver_api_list_end = .
                0x001090b0                        _crc_driver_api_ext_end = .
                0x001090b0                        _dac_driver_api_list_start = .
 *(SORT_BY_NAME(SORT_BY_ALIGNMENT(._dac_driver_api.static.*)))
                0x001090b0                        _dac_driver_api_list_end = .
                0x001090b0                        _dac_driver_api_ext_end = .
                0x001090b0                        _dai_driver_api_list_start = .
 *(SORT_BY_NAME(SORT_BY_ALIGNMENT(._dai_driver_api.static.*)))
                0x001090b0                        _dai_driver_api_list_end = .
                0x001090b0                        _dai_driver_api_ext_end = .
                0x001090b0                        _dali_driver_api_list_start = .
 *(SORT_BY_NAME(SORT_BY_ALIGNMENT(._dali_driver_api.static.*)))
                0x001090b0                        _dali_driver_api_list_end = .
                0x001090b0                        _dali_driver_api_ext_end = .
                0x001090b0                        _display_driver_api_list_start = .
 *(SORT_BY_NAME(SORT_BY_ALIGNMENT(._display_driver_api.static.*)))
                0x001090b0                        _display_driver_api_list_end = .
                0x001090b0                        _display_driver_api_ext_end = .
                0x001090b0                        _dma_driver_api_list_start = .
 *(SORT_BY_NAME(SORT_BY_ALIGNMENT(._dma_driver_api.static.*)))
                0x001090b0                        _dma_driver_api_list_end = .
                0x001090b0                        _dma_driver_api_ext_end = .
                0x001090b0                        _edac_driver_api_list_start = .
 *(SORT_BY_NAME(SORT_BY_ALIGNMENT(._edac_driver_api.static.*)))
                0x001090b0                        _edac_driver_api_list_end = .
                0x001090b0                        _edac_driver_api_ext_end = .
                0x001090b0                        _eeprom_driver_api_list_start = .
 *(SORT_BY_NAME(SORT_BY_ALIGNMENT(._eeprom_driver_api.static.*)))
                0x001090b0                        _eeprom_driver_api_list_end = .
                0x001090b0                        _eeprom_driver_api_ext_end = .
                0x001090b0                        _emul_bbram_driver_api_list_start = .
 *(SORT_BY_NAME(SORT_BY_ALIGNMENT(._emul_bbram_driver_api.static.*)))
                0x001090b0                        _emul_bbram_driver_api_list_end = .
                0x001090b0                        _emul_bbram_driver_api_ext_end = .
                0x001090b0                        _fuel_gauge_emul_driver_api_list_start = .
 *(SORT_BY_NAME(SORT_BY_ALIGNMENT(._fuel_gauge_emul_driver_api.static.*)))
                0x001090b0                        _fuel_gauge_emul_driver_api_list_end = .
                0x001090b0                        _fuel_gauge_emul_driver_api_ext_end = .
                0x001090b0                        _emul_sensor_driver_api_list_start = .
 *(SORT_BY_NAME(SORT_BY_ALIGNMENT(._emul_sensor_driver_api.static.*)))
                0x001090b0                        _emul_sensor_driver_api_list_end = .
                0x001090b0                        _emul_sensor_driver_api_ext_end = .
                0x001090b0                        _entropy_driver_api_list_start = .
 *(SORT_BY_NAME(SORT_BY_ALIGNMENT(._entropy_driver_api.static.*)))
                0x001090b0                        _entropy_driver_api_list_end = .
                0x001090b0                        _entropy_driver_api_ext_end = .
                0x001090b0                        _espi_driver_api_list_start = .
 *(SORT_BY_NAME(SORT_BY_ALIGNMENT(._espi_driver_api.static.*)))
                0x001090b0                        _espi_driver_api_list_end = .
                0x001090b0                        _emul_espi_driver_api_list_start = .
 *(SORT_BY_NAME(SORT_BY_ALIGNMENT(._emul_espi_driver_api.static.*)))
                0x001090b0                        _emul_espi_driver_api_list_end = .
                0x001090b0                        _emul_espi_driver_api_ext_end = .
                0x001090b0                        _espi_driver_api_ext_end = .
                0x001090b0                        _espi_saf_driver_api_list_start = .
 *(SORT_BY_NAME(SORT_BY_ALIGNMENT(._espi_saf_driver_api.static.*)))
                0x001090b0                        _espi_saf_driver_api_list_end = .
                0x001090b0                        _espi_saf_driver_api_ext_end = .
                0x001090b0                        _flash_driver_api_list_start = .
 *(SORT_BY_NAME(SORT_BY_ALIGNMENT(._flash_driver_api.static.*)))
                0x001090b0                        _flash_driver_api_list_end = .
                0x001090b0                        _flash_driver_api_ext_end = .
                0x001090b0                        _fpga_driver_api_list_start = .
 *(SORT_BY_NAME(SORT_BY_ALIGNMENT(._fpga_driver_api.static.*)))
                0x001090b0                        _fpga_driver_api_list_end = .
                0x001090b0                        _fpga_driver_api_ext_end = .
                0x001090b0                        _fuel_gauge_driver_api_list_start = .
 *(SORT_BY_NAME(SORT_BY_ALIGNMENT(._fuel_gauge_driver_api.static.*)))
                0x001090b0                        _fuel_gauge_driver_api_list_end = .
                0x001090b0                        _fuel_gauge_driver_api_ext_end = .
                0x001090b0                        _gnss_driver_api_list_start = .
 *(SORT_BY_NAME(SORT_BY_ALIGNMENT(._gnss_driver_api.static.*)))
                0x001090b0                        _gnss_driver_api_list_end = .
                0x001090b0                        _gnss_driver_api_ext_end = .
                0x001090b0                        _gpio_driver_api_list_start = .
 *(SORT_BY_NAME(SORT_BY_ALIGNMENT(._gpio_driver_api.static.*)))
                0x001090b0                        _gpio_driver_api_list_end = .
                0x001090b0                        _gpio_driver_api_ext_end = .
                0x001090b0                        _haptics_driver_api_list_start = .
 *(SORT_BY_NAME(SORT_BY_ALIGNMENT(._haptics_driver_api.static.*)))
                0x001090b0                        _haptics_driver_api_list_end = .
                0x001090b0                        _haptics_driver_api_ext_end = .
                0x001090b0                        _hwspinlock_driver_api_list_start = .
 *(SORT_BY_NAME(SORT_BY_ALIGNMENT(._hwspinlock_driver_api.static.*)))
                0x001090b0                        _hwspinlock_driver_api_list_end = .
                0x001090b0                        _hwspinlock_driver_api_ext_end = .
                0x001090b0                        _i2c_driver_api_list_start = .
 *(SORT_BY_NAME(SORT_BY_ALIGNMENT(._i2c_driver_api.static.*)))
                0x001090b0                        _i2c_driver_api_list_end = .
                0x001090b0                        _i3c_driver_api_list_start = .
 *(SORT_BY_NAME(SORT_BY_ALIGNMENT(._i3c_driver_api.static.*)))
                0x001090b0                        _i3c_driver_api_list_end = .
                0x001090b0                        _i3c_driver_api_ext_end = .
                0x001090b0                        _i2c_driver_api_ext_end = .
                0x001090b0                        _i2c_target_driver_api_list_start = .
 *(SORT_BY_NAME(SORT_BY_ALIGNMENT(._i2c_target_driver_api.static.*)))
                0x001090b0                        _i2c_target_driver_api_list_end = .
                0x001090b0                        _i2c_target_driver_api_ext_end = .
                0x001090b0                        _i2s_driver_api_list_start = .
 *(SORT_BY_NAME(SORT_BY_ALIGNMENT(._i2s_driver_api.static.*)))
                0x001090b0                        _i2s_driver_api_list_end = .
                0x001090b0                        _i2s_driver_api_ext_end = .
                0x001090b0                        _ipm_driver_api_list_start = .
 *(SORT_BY_NAME(SORT_BY_ALIGNMENT(._ipm_driver_api.static.*)))
                0x001090b0                        _ipm_driver_api_list_end = .
                0x001090b0                        _ipm_driver_api_ext_end = .
                0x001090b0                        _led_driver_api_list_start = .
 *(SORT_BY_NAME(SORT_BY_ALIGNMENT(._led_driver_api.static.*)))
                0x001090b0                        _led_driver_api_list_end = .
                0x001090b0                        _led_driver_api_ext_end = .
                0x001090b0                        _led_strip_driver_api_list_start = .
 *(SORT_BY_NAME(SORT_BY_ALIGNMENT(._led_strip_driver_api.static.*)))
                0x001090b0                        _led_strip_driver_api_list_end = .
                0x001090b0                        _led_strip_driver_api_ext_end = .
                0x001090b0                        _lora_driver_api_list_start = .
 *(SORT_BY_NAME(SORT_BY_ALIGNMENT(._lora_driver_api.static.*)))
                0x001090b0                        _lora_driver_api_list_end = .
                0x001090b0                        _lora_driver_api_ext_end = .
                0x001090b0                        _mbox_driver_api_list_start = .
 *(SORT_BY_NAME(SORT_BY_ALIGNMENT(._mbox_driver_api.static.*)))
                0x001090b0                        _mbox_driver_api_list_end = .
                0x001090b0                        _mbox_driver_api_ext_end = .
                0x001090b0                        _mdio_driver_api_list_start = .
 *(SORT_BY_NAME(SORT_BY_ALIGNMENT(._mdio_driver_api.static.*)))
                0x001090b0                        _mdio_driver_api_list_end = .
                0x001090b0                        _mdio_driver_api_ext_end = .
                0x001090b0                        _mipi_dbi_driver_api_list_start = .
 *(SORT_BY_NAME(SORT_BY_ALIGNMENT(._mipi_dbi_driver_api.static.*)))
                0x001090b0                        _mipi_dbi_driver_api_list_end = .
                0x001090b0                        _mipi_dbi_driver_api_ext_end = .
                0x001090b0                        _mipi_dsi_driver_api_list_start = .
 *(SORT_BY_NAME(SORT_BY_ALIGNMENT(._mipi_dsi_driver_api.static.*)))
                0x001090b0                        _mipi_dsi_driver_api_list_end = .
                0x001090b0                        _mipi_dsi_driver_api_ext_end = .
                0x001090b0                        _mspi_driver_api_list_start = .
 *(SORT_BY_NAME(SORT_BY_ALIGNMENT(._mspi_driver_api.static.*)))
                0x001090b0                        _mspi_driver_api_list_end = .
                0x001090b0                        _emul_mspi_driver_api_list_start = .
 *(SORT_BY_NAME(SORT_BY_ALIGNMENT(._emul_mspi_driver_api.static.*)))
                0x001090b0                        _emul_mspi_driver_api_list_end = .
                0x001090b0                        _emul_mspi_driver_api_ext_end = .
                0x001090b0                        _mspi_driver_api_ext_end = .
                0x001090b0                        _opamp_driver_api_list_start = .
 *(SORT_BY_NAME(SORT_BY_ALIGNMENT(._opamp_driver_api.static.*)))
                0x001090b0                        _opamp_driver_api_list_end = .
                0x001090b0                        _opamp_driver_api_ext_end = .
                0x001090b0                        _otp_driver_api_list_start = .
 *(SORT_BY_NAME(SORT_BY_ALIGNMENT(._otp_driver_api.static.*)))
                0x001090b0                        _otp_driver_api_list_end = .
                0x001090b0                        _otp_driver_api_ext_end = .
                0x001090b0                        _peci_driver_api_list_start = .
 *(SORT_BY_NAME(SORT_BY_ALIGNMENT(._peci_driver_api.static.*)))
                0x001090b0                        _peci_driver_api_list_end = .
                0x001090b0                        _peci_driver_api_ext_end = .
                0x001090b0                        _ps2_driver_api_list_start = .
 *(SORT_BY_NAME(SORT_BY_ALIGNMENT(._ps2_driver_api.static.*)))
                0x001090b0                        _ps2_driver_api_list_end = .
                0x001090b0                        _ps2_driver_api_ext_end = .
                0x001090b0                        _ptp_clock_driver_api_list_start = .
 *(SORT_BY_NAME(SORT_BY_ALIGNMENT(._ptp_clock_driver_api.static.*)))
                0x001090b0                        _ptp_clock_driver_api_list_end = .
                0x001090b0                        _ptp_clock_driver_api_ext_end = .
                0x001090b0                        _pwm_driver_api_list_start = .
 *(SORT_BY_NAME(SORT_BY_ALIGNMENT(._pwm_driver_api.static.*)))
                0x001090b0                        _pwm_driver_api_list_end = .
                0x001090b0                        _pwm_driver_api_ext_end = .
                0x001090b0                        _regulator_parent_driver_api_list_start = .
 *(SORT_BY_NAME(SORT_BY_ALIGNMENT(._regulator_parent_driver_api.static.*)))
                0x001090b0                        _regulator_parent_driver_api_list_end = .
                0x001090b0                        _regulator_parent_driver_api_ext_end = .
                0x001090b0                        _regulator_driver_api_list_start = .
 *(SORT_BY_NAME(SORT_BY_ALIGNMENT(._regulator_driver_api.static.*)))
                0x001090b0                        _regulator_driver_api_list_end = .
                0x001090b0                        _regulator_driver_api_ext_end = .
                0x001090b0                        _reset_driver_api_list_start = .
 *(SORT_BY_NAME(SORT_BY_ALIGNMENT(._reset_driver_api.static.*)))
                0x001090b0                        _reset_driver_api_list_end = .
                0x001090b0                        _reset_driver_api_ext_end = .
                0x001090b0                        _retained_mem_driver_api_list_start = .
 *(SORT_BY_NAME(SORT_BY_ALIGNMENT(._retained_mem_driver_api.static.*)))
                0x001090b0                        _retained_mem_driver_api_list_end = .
                0x001090b0                        _retained_mem_driver_api_ext_end = .
                0x001090b0                        _rtc_driver_api_list_start = .
 *(SORT_BY_NAME(SORT_BY_ALIGNMENT(._rtc_driver_api.static.*)))
                0x001090b0                        _rtc_driver_api_list_end = .
                0x001090b0                        _rtc_driver_api_ext_end = .
                0x001090b0                        _sdhc_driver_api_list_start = .
 *(SORT_BY_NAME(SORT_BY_ALIGNMENT(._sdhc_driver_api.static.*)))
                0x001090b0                        _sdhc_driver_api_list_end = .
                0x001090b0                        _sdhc_driver_api_ext_end = .
                0x001090b0                        _sensor_driver_api_list_start = .
 *(SORT_BY_NAME(SORT_BY_ALIGNMENT(._sensor_driver_api.static.*)))
                0x001090b0                        _sensor_driver_api_list_end = .
                0x001090b0                        _sensor_driver_api_ext_end = .
                0x001090b0                        _smbus_driver_api_list_start = .
 *(SORT_BY_NAME(SORT_BY_ALIGNMENT(._smbus_driver_api.static.*)))
                0x001090b0                        _smbus_driver_api_list_end = .
                0x001090b0                        _smbus_driver_api_ext_end = .
                0x001090b0                        _spi_driver_api_list_start = .
 *(SORT_BY_NAME(SORT_BY_ALIGNMENT(._spi_driver_api.static.*)))
                0x001090b0                        _spi_driver_api_list_end = .
                0x001090b0                        _spi_driver_api_ext_end = .
                0x001090b0                        _syscon_driver_api_list_start = .
 *(SORT_BY_NAME(SORT_BY_ALIGNMENT(._syscon_driver_api.static.*)))
                0x001090b0                        _syscon_driver_api_list_end = .
                0x001090b0                        _syscon_driver_api_ext_end = .
                0x001090b0                        _tee_driver_api_list_start = .
 *(SORT_BY_NAME(SORT_BY_ALIGNMENT(._tee_driver_api.static.*)))
                0x001090b0                        _tee_driver_api_list_end = .
                0x001090b0                        _tee_driver_api_ext_end = .
                0x001090b0                        _tgpio_driver_api_list_start = .
 *(SORT_BY_NAME(SORT_BY_ALIGNMENT(._tgpio_driver_api.static.*)))
                0x001090b0                        _tgpio_driver_api_list_end = .
                0x001090b0                        _tgpio_driver_api_ext_end = .
                0x001090b0                        _uaol_driver_api_list_start = .
 *(SORT_BY_NAME(SORT_BY_ALIGNMENT(._uaol_driver_api.static.*)))
                0x001090b0                        _uaol_driver_api_list_end = .
                0x001090b0                        _uaol_driver_api_ext_end = .
                0x001090b0                        _video_driver_api_list_start = .
 *(SORT_BY_NAME(SORT_BY_ALIGNMENT(._video_driver_api.static.*)))
                0x001090b0                        _video_driver_api_list_end = .
                0x001090b0                        _video_driver_api_ext_end = .
                0x001090b0                        _virtio_driver_api_list_start = .
 *(SORT_BY_NAME(SORT_BY_ALIGNMENT(._virtio_driver_api.static.*)))
                0x001090b0                        _virtio_driver_api_list_end = .
                0x001090b0                        _virtio_driver_api_ext_end = .
                0x001090b0                        _w1_driver_api_list_start = .
 *(SORT_BY_NAME(SORT_BY_ALIGNMENT(._w1_driver_api.static.*)))
                0x001090b0                        _w1_driver_api_list_end = .
                0x001090b0                        _w1_driver_api_ext_end = .
                0x001090b0                        _wdt_driver_api_list_start = .
 *(SORT_BY_NAME(SORT_BY_ALIGNMENT(._wdt_driver_api.static.*)))
                0x001090b0                        _wdt_driver_api_list_end = .
                0x001090b0                        _wdt_driver_api_ext_end = .
                0x001090b0                        _wuc_driver_api_list_start = .
 *(SORT_BY_NAME(SORT_BY_ALIGNMENT(._wuc_driver_api.static.*)))
                0x001090b0                        _wuc_driver_api_list_end = .
                0x001090b0                        _wuc_driver_api_ext_end = .
                0x001090b0                        _can_transceiver_driver_api_list_start = .
 *(SORT_BY_NAME(SORT_BY_ALIGNMENT(._can_transceiver_driver_api.static.*)))
                0x001090b0                        _can_transceiver_driver_api_list_end = .
                0x001090b0                        _can_transceiver_driver_api_ext_end = .
                0x001090b0                        _i3c_target_driver_api_list_start = .
 *(SORT_BY_NAME(SORT_BY_ALIGNMENT(._i3c_target_driver_api.static.*)))
                0x001090b0                        _i3c_target_driver_api_list_end = .
                0x001090b0                        _i3c_target_driver_api_ext_end = .
                0x001090b0                        _its_driver_api_list_start = .
 *(SORT_BY_NAME(SORT_BY_ALIGNMENT(._its_driver_api.static.*)))
                0x001090b0                        _its_driver_api_list_end = .
                0x001090b0                        _its_driver_api_ext_end = .
                0x001090b0                        _vtd_driver_api_list_start = .
 *(SORT_BY_NAME(SORT_BY_ALIGNMENT(._vtd_driver_api.static.*)))
                0x001090b0                        _vtd_driver_api_list_end = .
                0x001090b0                        _vtd_driver_api_ext_end = .
                0x001090b0                        _renesas_elc_driver_api_list_start = .
 *(SORT_BY_NAME(SORT_BY_ALIGNMENT(._renesas_elc_driver_api.static.*)))
                0x001090b0                        _renesas_elc_driver_api_list_end = .
                0x001090b0                        _renesas_elc_driver_api_ext_end = .
                0x001090b0                        _pcie_ctrl_driver_api_list_start = .
 *(SORT_BY_NAME(SORT_BY_ALIGNMENT(._pcie_ctrl_driver_api.static.*)))
                0x001090b0                        _pcie_ctrl_driver_api_list_end = .
                0x001090b0                        _pcie_ctrl_driver_api_ext_end = .
                0x001090b0                        _pcie_ep_driver_api_list_start = .
 *(SORT_BY_NAME(SORT_BY_ALIGNMENT(._pcie_ep_driver_api.static.*)))
                0x001090b0                        _pcie_ep_driver_api_list_end = .
                0x001090b0                        _pcie_ep_driver_api_ext_end = .
                0x001090b0                        _psi5_driver_api_list_start = .
 *(SORT_BY_NAME(SORT_BY_ALIGNMENT(._psi5_driver_api.static.*)))
                0x001090b0                        _psi5_driver_api_list_end = .
                0x001090b0                        _psi5_driver_api_ext_end = .
                0x001090b0                        _sent_driver_api_list_start = .
 *(SORT_BY_NAME(SORT_BY_ALIGNMENT(._sent_driver_api.static.*)))
                0x001090b0                        _sent_driver_api_list_end = .
                0x001090b0                        _sent_driver_api_ext_end = .
                0x001090b0                        _svc_driver_api_list_start = .
 *(SORT_BY_NAME(SORT_BY_ALIGNMENT(._svc_driver_api.static.*)))
                0x001090b0                        _svc_driver_api_list_end = .
                0x001090b0                        _svc_driver_api_ext_end = .
                0x001090b0                        _stepper_driver_api_list_start = .
 *(SORT_BY_NAME(SORT_BY_ALIGNMENT(._stepper_driver_api.static.*)))
                0x001090b0                        _stepper_driver_api_list_end = .
                0x001090b0                        _stepper_driver_api_ext_end = .
                0x001090b0                        _stepper_ctrl_driver_api_list_start = .
 *(SORT_BY_NAME(SORT_BY_ALIGNMENT(._stepper_ctrl_driver_api.static.*)))
                0x001090b0                        _stepper_ctrl_driver_api_list_end = .
                0x001090b0                        _stepper_ctrl_driver_api_ext_end = .
                0x001090b0                        _uart_driver_api_list_start = .
 *(SORT_BY_NAME(SORT_BY_ALIGNMENT(._uart_driver_api.static.*)))
 ._uart_driver_api.static.uart_ns16550_driver_api_
                0x001090b0       0x14 zephyr/drivers/serial/libdrivers__serial.a(uart_ns16550.c.obj)
                0x001090c4                        _uart_driver_api_list_end = .
                0x001090c4                        _uart_driver_api_ext_end = .
                0x001090c4                        _bc12_emul_driver_api_list_start = .
 *(SORT_BY_NAME(SORT_BY_ALIGNMENT(._bc12_emul_driver_api.static.*)))
                0x001090c4                        _bc12_emul_driver_api_list_end = .
                0x001090c4                        _bc12_emul_driver_api_ext_end = .
                0x001090c4                        _bc12_driver_api_list_start = .
 *(SORT_BY_NAME(SORT_BY_ALIGNMENT(._bc12_driver_api.static.*)))
                0x001090c4                        _bc12_driver_api_list_end = .
                0x001090c4                        _bc12_driver_api_ext_end = .
                0x001090c4                        _usbc_ppc_driver_api_list_start = .
 *(SORT_BY_NAME(SORT_BY_ALIGNMENT(._usbc_ppc_driver_api.static.*)))
                0x001090c4                        _usbc_ppc_driver_api_list_end = .
                0x001090c4                        _usbc_ppc_driver_api_ext_end = .
                0x001090c4                        _tcpc_driver_api_list_start = .
 *(SORT_BY_NAME(SORT_BY_ALIGNMENT(._tcpc_driver_api.static.*)))
                0x001090c4                        _tcpc_driver_api_list_end = .
                0x001090c4                        _tcpc_driver_api_ext_end = .
                0x001090c4                        _usbc_vbus_driver_api_list_start = .
 *(SORT_BY_NAME(SORT_BY_ALIGNMENT(._usbc_vbus_driver_api.static.*)))
                0x001090c4                        _usbc_vbus_driver_api_list_end = .
                0x001090c4                        _usbc_vbus_driver_api_ext_end = .
                0x001090c4                        _ivshmem_driver_api_list_start = .
 *(SORT_BY_NAME(SORT_BY_ALIGNMENT(._ivshmem_driver_api.static.*)))
                0x001090c4                        _ivshmem_driver_api_list_end = .
                0x001090c4                        _ivshmem_driver_api_ext_end = .
                0x001090c4                        _ethphy_driver_api_list_start = .
 *(SORT_BY_NAME(SORT_BY_ALIGNMENT(._ethphy_driver_api.static.*)))
                0x001090c4                        _ethphy_driver_api_list_end = .
                0x001090c4                        _ethphy_driver_api_ext_end = .

ztest           0x001090c4       0xfc
                0x001090c4                        _ztest_expected_result_entry_list_start = .
 *(SORT_BY_NAME(SORT_BY_ALIGNMENT(._ztest_expected_result_entry.static.*)))
                0x001090c4                        _ztest_expected_result_entry_list_end = .
                0x001090c4                        _ztest_suite_node_list_start = .
 *(SORT_BY_NAME(SORT_BY_ALIGNMENT(._ztest_suite_node.static.*)))
 ._ztest_suite_node.static.z_ztest_test_node_ring_buf_boundaries_
                0x001090c4       0x1c app/libapp.a(test_ring_buf.c.obj)
 ._ztest_suite_node.static.z_ztest_test_node_ring_buf_init_
                0x001090e0       0x1c app/libapp.a(test_ring_buf.c.obj)
 ._ztest_suite_node.static.z_ztest_test_node_ring_buf_push_pop_
                0x001090fc       0x1c app/libapp.a(test_ring_buf.c.obj)
                0x00109118                        _ztest_suite_node_list_end = .
                0x00109118                        _ztest_unit_test_list_start = .
 *(SORT_BY_NAME(SORT_BY_ALIGNMENT(._ztest_unit_test.static.*)))
 ._ztest_unit_test.static.z_ztest_unit_test__ring_buf_boundaries__test_is_full_after_fill_
                0x00109118       0x14 app/libapp.a(test_ring_buf.c.obj)
 ._ztest_unit_test.static.z_ztest_unit_test__ring_buf_boundaries__test_peek_does_not_consume_
                0x0010912c       0x14 app/libapp.a(test_ring_buf.c.obj)
 ._ztest_unit_test.static.z_ztest_unit_test__ring_buf_boundaries__test_pop_null_returns_einval_
                0x00109140       0x14 app/libapp.a(test_ring_buf.c.obj)
 ._ztest_unit_test.static.z_ztest_unit_test__ring_buf_init__test_fresh_state_
                0x00109154       0x14 app/libapp.a(test_ring_buf.c.obj)
 ._ztest_unit_test.static.z_ztest_unit_test__ring_buf_init__test_reinit_clears_state_
                0x00109168       0x14 app/libapp.a(test_ring_buf.c.obj)
 ._ztest_unit_test.static.z_ztest_unit_test__ring_buf_push_pop__test_fifo_order_
                0x0010917c       0x14 app/libapp.a(test_ring_buf.c.obj)
 ._ztest_unit_test.static.z_ztest_unit_test__ring_buf_push_pop__test_push_full_returns_enospc_
                0x00109190       0x14 app/libapp.a(test_ring_buf.c.obj)
 ._ztest_unit_test.static.z_ztest_unit_test__ring_buf_push_pop__test_single_push_pop_
                0x001091a4       0x14 app/libapp.a(test_ring_buf.c.obj)
                0x001091b8                        _ztest_unit_test_list_end = .
                0x001091b8                        _ztest_test_rule_list_start = .
 *(SORT_BY_NAME(SORT_BY_ALIGNMENT(._ztest_test_rule.static.*)))
 ._ztest_test_rule.static.z_ztest_test_rule_clock_offset_reset_rule_
                0x001091b8        0x8 zephyr/libzephyr.a(clock.c.obj)
                0x001091c0                        _ztest_test_rule_list_end = .

init_array      0x001091c0        0x0
                0x001091c0                        __zephyr_init_array_start = .
 *(SORT_BY_INIT_PRIORITY(.init_array.*) SORT_BY_INIT_PRIORITY(.ctors.*))
 *(SORT_BY_ALIGNMENT(.init_array) SORT_BY_ALIGNMENT(.ctors))
                0x001091c0                        __zephyr_init_array_end = .